Component: ARM Compiler 5.05 update 1 (build 106) Tool: armlink [4d0efa]

==============================================================================

Section Cross References

    startup_stm32f103xb.o(RESET) refers to startup_stm32f103xb.o(STACK) for __initial_sp
    startup_stm32f103xb.o(RESET) refers to startup_stm32f103xb.o(.text) for Reset_Handler
    startup_stm32f103xb.o(RESET) refers to stm32f1xx_it.o(i.NMI_Handler) for NMI_Handler
    startup_stm32f103xb.o(RESET) refers to stm32f1xx_it.o(i.HardFault_Handler) for HardFault_Handler
    startup_stm32f103xb.o(RESET) refers to stm32f1xx_it.o(i.MemManage_Handler) for MemManage_Handler
    startup_stm32f103xb.o(RESET) refers to stm32f1xx_it.o(i.BusFault_Handler) for BusFault_Handler
    startup_stm32f103xb.o(RESET) refers to stm32f1xx_it.o(i.UsageFault_Handler) for UsageFault_Handler
    startup_stm32f103xb.o(RESET) refers to stm32f1xx_it.o(i.SVC_Handler) for SVC_Handler
    startup_stm32f103xb.o(RESET) refers to stm32f1xx_it.o(i.DebugMon_Handler) for DebugMon_Handler
    startup_stm32f103xb.o(RESET) refers to stm32f1xx_it.o(i.PendSV_Handler) for PendSV_Handler
    startup_stm32f103xb.o(RESET) refers to stm32f1xx_it.o(i.SysTick_Handler) for SysTick_Handler
    startup_stm32f103xb.o(RESET) refers to stm32f1xx_it.o(i.EXTI9_5_IRQHandler) for EXTI9_5_IRQHandler
    startup_stm32f103xb.o(RESET) refers to stm32f1xx_it.o(i.TIM2_IRQHandler) for TIM2_IRQHandler
    startup_stm32f103xb.o(.text) refers to system_stm32f1xx.o(i.SystemInit) for SystemInit
    startup_stm32f103xb.o(.text) refers to entry.o(.ARM.Collect$$$$00000000) for __main
    main.o(i.Delay_us) refers to stm32f1xx_hal.o(i.HAL_GetTick) for HAL_GetTick
    main.o(i.SystemClock_Config) refers to memseta.o(.text) for __aeabi_memclr4
    main.o(i.SystemClock_Config) refers to stm32f1xx_hal_rcc.o(i.HAL_RCC_OscConfig) for HAL_RCC_OscConfig
    main.o(i.SystemClock_Config) refers to stm32f1xx_hal_rcc.o(i.HAL_RCC_ClockConfig) for HAL_RCC_ClockConfig
    main.o(i.SystemClock_Config) refers to stm32f1xx_hal_rcc_ex.o(i.HAL_RCCEx_PeriphCLKConfig) for HAL_RCCEx_PeriphCLKConfig
    main.o(i.main) refers to stm32f1xx_hal.o(i.HAL_Init) for HAL_Init
    main.o(i.main) refers to main.o(i.SystemClock_Config) for SystemClock_Config
    main.o(i.main) refers to gpio.o(i.MX_GPIO_Init) for MX_GPIO_Init
    main.o(i.main) refers to dma.o(i.MX_DMA_Init) for MX_DMA_Init
    main.o(i.main) refers to usart.o(i.MX_USART2_UART_Init) for MX_USART2_UART_Init
    main.o(i.main) refers to i2c.o(i.MX_I2C1_Init) for MX_I2C1_Init
    main.o(i.main) refers to adc.o(i.MX_ADC1_Init) for MX_ADC1_Init
    main.o(i.main) refers to tim.o(i.MX_TIM2_Init) for MX_TIM2_Init
    main.o(i.main) refers to oled.o(i.OLED_Init) for OLED_Init
    main.o(i.main) refers to buzzer.o(i.BUZZER_Init) for BUZZER_Init
    main.o(i.main) refers to environment.o(i.DHT_init) for DHT_init
    main.o(i.main) refers to stm32f1xx_hal.o(i.HAL_Delay) for HAL_Delay
    main.o(i.main) refers to oled.o(i.OLED_ClearRAM) for OLED_ClearRAM
    main.o(i.main) refers to oled.o(i.OLED_RefreshRAM) for OLED_RefreshRAM
    main.o(i.main) refers to stm32f1xx_hal_adc_ex.o(i.HAL_ADCEx_Calibration_Start) for HAL_ADCEx_Calibration_Start
    main.o(i.main) refers to stm32f1xx_hal_adc.o(i.HAL_ADC_Start_DMA) for HAL_ADC_Start_DMA
    main.o(i.main) refers to stm32f1xx_hal_tim.o(i.HAL_TIM_Base_Start_IT) for HAL_TIM_Base_Start_IT
    main.o(i.main) refers to printfa.o(i.__0sprintf) for __2sprintf
    main.o(i.main) refers to oled.o(i.OLED_ShowStr) for OLED_ShowStr
    main.o(i.main) refers to environment.o(i.key_do1) for key_do1
    main.o(i.main) refers to environment.o(i.PASS_DO1) for PASS_DO1
    main.o(i.main) refers to environment.o(i.Light_do1) for Light_do1
    main.o(i.main) refers to environment.o(i.DHT_do1) for DHT_do1
    main.o(i.main) refers to environment.o(i.BUZZER_do) for BUZZER_do
    main.o(i.main) refers to adc.o(.bss) for hadc1
    main.o(i.main) refers to main.o(.data) for .data
    main.o(i.main) refers to tim.o(.bss) for htim2
    main.o(i.main) refers to main.o(.bss) for .bss
    gpio.o(i.MX_GPIO_Init) refers to stm32f1xx_hal_gpio.o(i.HAL_GPIO_WritePin) for HAL_GPIO_WritePin
    gpio.o(i.MX_GPIO_Init) refers to stm32f1xx_hal_gpio.o(i.HAL_GPIO_Init) for HAL_GPIO_Init
    gpio.o(i.MX_GPIO_Init) refers to stm32f1xx_hal_cortex.o(i.HAL_NVIC_SetPriority) for HAL_NVIC_SetPriority
    gpio.o(i.MX_GPIO_Init) refers to stm32f1xx_hal_cortex.o(i.HAL_NVIC_EnableIRQ) for HAL_NVIC_EnableIRQ
    adc.o(i.HAL_ADC_MspDeInit) refers to stm32f1xx_hal_gpio.o(i.HAL_GPIO_DeInit) for HAL_GPIO_DeInit
    adc.o(i.HAL_ADC_MspDeInit) refers to stm32f1xx_hal_dma.o(i.HAL_DMA_DeInit) for HAL_DMA_DeInit
    adc.o(i.HAL_ADC_MspInit) refers to stm32f1xx_hal_gpio.o(i.HAL_GPIO_Init) for HAL_GPIO_Init
    adc.o(i.HAL_ADC_MspInit) refers to stm32f1xx_hal_dma.o(i.HAL_DMA_Init) for HAL_DMA_Init
    adc.o(i.HAL_ADC_MspInit) refers to main.o(i.Error_Handler) for Error_Handler
[...]
    Removing stm32f1xx_hal_uart.o(i.HAL_MultiProcessor_ExitMuteMode), (62 bytes).
    Removing stm32f1xx_hal_uart.o(i.HAL_MultiProcessor_Init), (144 bytes).
    Removing stm32f1xx_hal_uart.o(i.HAL_UARTEx_GetRxEventType), (4 bytes).
    Removing stm32f1xx_hal_uart.o(i.HAL_UARTEx_ReceiveToIdle), (240 bytes).
    Removing stm32f1xx_hal_uart.o(i.HAL_UARTEx_ReceiveToIdle_DMA), (78 bytes).
    Removing stm32f1xx_hal_uart.o(i.HAL_UARTEx_ReceiveToIdle_IT), (78 bytes).
    Removing stm32f1xx_hal_uart.o(i.HAL_UARTEx_RxEventCallback), (2 bytes).
    Removing stm32f1xx_hal_uart.o(i.HAL_UART_Abort), (210 bytes).
    Removing stm32f1xx_hal_uart.o(i.HAL_UART_AbortCpltCallback), (2 bytes).
    Removing stm32f1xx_hal_uart.o(i.HAL_UART_AbortReceive), (148 bytes).
    Removing stm32f1xx_hal_uart.o(i.HAL_UART_AbortReceiveCpltCallback), (2 bytes).
    Removing stm32f1xx_hal_uart.o(i.HAL_UART_AbortReceive_IT), (152 bytes).
    Removing stm32f1xx_hal_uart.o(i.HAL_UART_AbortTransmit), (98 bytes).
    Removing stm32f1xx_hal_uart.o(i.HAL_UART_AbortTransmitCpltCallback), (2 bytes).
    Removing stm32f1xx_hal_uart.o(i.HAL_UART_AbortTransmit_IT), (104 bytes).
    Removing stm32f1xx_hal_uart.o(i.HAL_UART_Abort_IT), (244 bytes).
    Removing stm32f1xx_hal_uart.o(i.HAL_UART_DMAPause), (120 bytes).
    Removing stm32f1xx_hal_uart.o(i.HAL_UART_DMAResume), (114 bytes).
    Removing stm32f1xx_hal_uart.o(i.HAL_UART_DMAStop), (112 bytes).
    Removing stm32f1xx_hal_uart.o(i.HAL_UART_DeInit), (54 bytes).
    Removing stm32f1xx_hal_uart.o(i.HAL_UART_ErrorCallback), (2 bytes).
    Removing stm32f1xx_hal_uart.o(i.HAL_UART_GetError), (4 bytes).
    Removing stm32f1xx_hal_uart.o(i.HAL_UART_GetState), (10 bytes).
    Removing stm32f1xx_hal_uart.o(i.HAL_UART_IRQHandler), (620 bytes).
    Removing stm32f1xx_hal_uart.o(i.HAL_UART_MspDeInit), (2 bytes).
    Removing stm32f1xx_hal_uart.o(i.HAL_UART_MspInit), (2 bytes).
    Removing stm32f1xx_hal_uart.o(i.HAL_UART_Receive), (172 bytes).
    Removing stm32f1xx_hal_uart.o(i.HAL_UART_Receive_DMA), (28 bytes).
    Removing stm32f1xx_hal_uart.o(i.HAL_UART_Receive_IT), (28 bytes).
    Removing stm32f1xx_hal_uart.o(i.HAL_UART_RxCpltCallback), (2 bytes).
    Removing stm32f1xx_hal_uart.o(i.HAL_UART_RxHalfCpltCallback), (2 bytes).
    Removing stm32f1xx_hal_uart.o(i.HAL_UART_Transmit), (154 bytes).
    Removing stm32f1xx_hal_uart.o(i.HAL_UART_Transmit_DMA), (120 bytes).
    Removing stm32f1xx_hal_uart.o(i.HAL_UART_Transmit_IT), (50 bytes).
    Removing stm32f1xx_hal_uart.o(i.HAL_UART_TxCpltCallback), (2 bytes).
    Removing stm32f1xx_hal_uart.o(i.HAL_UART_TxHalfCpltCallback), (2 bytes).
    Removing stm32f1xx_hal_uart.o(i.UART_DMAAbortOnError), (16 bytes).
    Removing stm32f1xx_hal_uart.o(i.UART_DMAError), (74 bytes).
    Removing stm32f1xx_hal_uart.o(i.UART_DMAReceiveCplt), (134 bytes).
    Removing stm32f1xx_hal_uart.o(i.UART_DMARxAbortCallback), (44 bytes).
    Removing stm32f1xx_hal_uart.o(i.UART_DMARxHalfCplt), (30 bytes).
    Removing stm32f1xx_hal_uart.o(i.UART_DMARxOnlyAbortCallback), (22 bytes).
    Removing stm32f1xx_hal_uart.o(i.UART_DMATransmitCplt), (66 bytes).
    Removing stm32f1xx_hal_uart.o(i.UART_DMATxAbortCallback), (44 bytes).
    Removing stm32f1xx_hal_uart.o(i.UART_DMATxHalfCplt), (10 bytes).
    Removing stm32f1xx_hal_uart.o(i.UART_DMATxOnlyAbortCallback), (20 bytes).
    Removing stm32f1xx_hal_uart.o(i.UART_EndRxTransfer), (78 bytes).
    Removing stm32f1xx_hal_uart.o(i.UART_EndTxTransfer), (28 bytes).
    Removing stm32f1xx_hal_uart.o(i.UART_Receive_IT), (194 bytes).
    Removing stm32f1xx_hal_uart.o(i.UART_Start_Receive_DMA), (144 bytes).
    Removing stm32f1xx_hal_uart.o(i.UART_Start_Receive_IT), (54 bytes).
    Removing stm32f1xx_hal_uart.o(i.UART_WaitOnFlagUntilTimeout), (120 bytes).
    Removing system_stm32f1xx.o(.rev16_text), (4 bytes).
    Removing system_stm32f1xx.o(.revsh_text), (4 bytes).
    Removing system_stm32f1xx.o(.rrx_text), (6 bytes).
    Removing system_stm32f1xx.o(i.SystemCoreClockUpdate), (104 bytes).
    Removing oled.o(.rev16_text), (4 bytes).
    Removing oled.o(.revsh_text), (4 bytes).
    Removing oled.o(.rrx_text), (6 bytes).
    Removing oled.o(i.OLED_AreaClear), (94 bytes).
    Removing oled.o(i.OLED_AreaFill), (106 bytes).
    Removing oled.o(i.OLED_DisplayMode), (4 bytes).
    Removing oled.o(i.OLED_DrawBMP), (102 bytes).
    Removing oled.o(i.OLED_FullyClear), (6 bytes).
    Removing oled.o(i.OLED_FullyToggle), (44 bytes).
    Removing oled.o(i.OLED_HorizontalShift), (52 bytes).
    Removing oled.o(i.OLED_IntensityControl), (20 bytes).
    Removing oled.o(i.OLED_OFF), (24 bytes).
    Removing oled.o(i.OLED_ON), (24 bytes).
    Removing oled.o(i.OLED_ShowCN), (320 bytes).
    Removing oled.o(i.OLED_ShowMixedCH), (360 bytes).
    Removing oled.o(i.OLED_VerticalAndHorizontalShift), (46 bytes).
    Removing oled.o(i.OLED_VerticalShift), (32 bytes).
    Removing oled.o(.constdata), (512 bytes).
    Removing oled.o(.constdata), (2 bytes).
    Removing oled.o(.constdata), (2 bytes).
    Removing dht11.o(.rev16_text), (4 bytes).
    Removing dht11.o(.revsh_text), (4 bytes).
    Removing dht11.o(.rrx_text), (6 bytes).
    Removing dht11.o(.bss), (21 bytes).
    Removing passthing.o(.rev16_text), (4 bytes).
    Removing passthing.o(.revsh_text), (4 bytes).
    Removing passthing.o(.rrx_text), (6 bytes).
    Removing passthing.o(.data), (4 bytes).
    Removing buzzer.o(.rev16_text), (4 bytes).
    Removing buzzer.o(.revsh_text), (4 bytes).
    Removing buzzer.o(.rrx_text), (6 bytes).
    Removing environment.o(.rev16_text), (4 bytes).
    Removing environment.o(.revsh_text), (4 bytes).
    Removing environment.o(.rrx_text), (6 bytes).

530 unused section(s) (total 44518 bytes) removed from the image.

==============================================================================

Image Symbol Table

    Local Symbols

    Symbol Name                              Value     Ov Type        Size  Object(Section)

    ../Core/Src/adc.c                        0x00000000   Number         0  adc.o ABSOLUTE
    ../Core/Src/dma.c                        0x00000000   Number         0  dma.o ABSOLUTE
    ../Core/Src/gpio.c                       0x00000000   Number         0  gpio.o ABSOLUTE
    ../Core/Src/i2c.c                        0x00000000   Number         0  i2c.o ABSOLUTE
    ../Core/Src/main.c                       0x00000000   Number         0  main.o ABSOLUTE
    ../Core/Src/stm32f1xx_hal_msp.c          0x00000000   Number         0  stm32f1xx_hal_msp.o ABSOLUTE
    ../Core/Src/stm32f1xx_it.c               0x00000000   Number         0  stm32f1xx_it.o ABSOLUTE
    ../Core/Src/system_stm32f1xx.c           0x00000000   Number         0  system_stm32f1xx.o ABSOLUTE
    ../Core/Src/tim.c                        0x00000000   Number         0  tim.o ABSOLUTE
    ../Core/Src/usart.c                      0x00000000   Number         0  usart.o ABSOLUTE
    ../Drivers/STM32F1xx_HAL_Driver/Src/stm32f1xx_hal.c 0x00000000   Number         0  stm32f1xx_hal.o ABSOLUTE
    ../Drivers/STM32F1xx_HAL_Driver/Src/stm32f1xx_hal_adc.c 0x00000000   Number         0  stm32f1xx_hal_adc.o ABSOLUTE
    ../Drivers/STM32F1xx_HAL_Driver/Src/stm32f1xx_hal_adc_ex.c 0x00000000   Number         0  stm32f1xx_hal_adc_ex.o ABSOLUTE
    ../Drivers/STM32F1xx_HAL_Driver/Src/stm32f1xx_hal_cortex.c 0x00000000   Number         0  stm32f1xx_hal_cortex.o ABSOLUTE
    ../Drivers/STM32F1xx_HAL_Driver/Src/stm32f1xx_hal_dma.c 0x00000000   Number         0  stm32f1xx_hal_dma.o ABSOLUTE
    ../Drivers/STM32F1xx_HAL_Driver/Src/stm32f1xx_hal_exti.c 0x00000000   Number         0  stm32f1xx_hal_exti.o ABSOLUTE
    ../Drivers/STM32F1xx_HAL_Driver/Src/stm32f1xx_hal_flash.c 0x00000000   Number         0  stm32f1xx_hal_flash.o ABSOLUTE
    ../Drivers/STM32F1xx_HAL_Driver/Src/stm32f1xx_hal_flash_ex.c 0x00000000   Number         0  stm32f1xx_hal_flash_ex.o ABSOLUTE
    ../Drivers/STM32F1xx_HAL_Driver/Src/stm32f1xx_hal_gpio.c 0x00000000   Number         0  stm32f1xx_hal_gpio.o ABSOLUTE
    ../Drivers/STM32F1xx_HAL_Driver/Src/stm32f1xx_hal_gpio_ex.c 0x00000000   Number         0  stm32f1xx_hal_gpio_ex.o ABSOLUTE
    ../Drivers/STM32F1xx_HAL_Driver/Src/stm32f1xx_hal_i2c.c 0x00000000   Number         0  stm32f1xx_hal_i2c.o ABSOLUTE
    ../Drivers/STM32F1xx_HAL_Driver/Src/stm32f1xx_hal_pwr.c 0x00000000   Number         0  stm32f1xx_hal_pwr.o ABSOLUTE
    ../Drivers/STM32F1xx_HAL_Driver/Src/stm32f1xx_hal_rcc.c 0x00000000   Number         0  stm32f1xx_hal_rcc.o ABSOLUTE
    ../Drivers/STM32F1xx_HAL_Driver/Src/stm32f1xx_hal_rcc_ex.c 0x00000000   Number         0  stm32f1xx_hal_rcc_ex.o ABSOLUTE
    ../Drivers/STM32F1xx_HAL_Driver/Src/stm32f1xx_hal_tim.c 0x00000000   Number         0  stm32f1xx_hal_tim.o ABSOLUTE
    ../Drivers/STM32F1xx_HAL_Driver/Src/stm32f1xx_hal_tim_ex.c 0x00000000   Number         0  stm32f1xx_hal_tim_ex.o ABSOLUTE
    ../Drivers/STM32F1xx_HAL_Driver/Src/stm32f1xx_hal_uart.c 0x00000000   Number         0  stm32f1xx_hal_uart.o ABSOLUTE
    ../clib/microlib/division.c              0x00000000   Number         0  uidiv.o ABSOLUTE
    ../clib/microlib/division.c              0x00000000   Number         0  uldiv.o ABSOLUTE
    ../clib/microlib/init/entry.s            0x00000000   Number         0  entry8a.o ABSOLUTE
    ../clib/microlib/init/entry.s            0x00000000   Number         0  entry8b.o ABSOLUTE
    ../clib/microlib/init/entry.s            0x00000000   Number         0  entry9a.o ABSOLUTE
    ../clib/microlib/init/entry.s            0x00000000   Number         0  entry10b.o ABSOLUTE
    ../clib/microlib/init/entry.s            0x00000000   Number         0  entry11a.o ABSOLUTE
    ../clib/microlib/init/entry.s            0x00000000   Number         0  entry11b.o ABSOLUTE
    ../clib/microlib/init/entry.s            0x00000000   Number         0  entry10a.o ABSOLUTE
    ../clib/microlib/init/entry.s            0x00000000   Number         0  entry.o ABSOLUTE
    ../clib/microlib/init/entry.s            0x00000000   Number         0  entry7b.o ABSOLUTE
    ../clib/microlib/init/entry.s            0x00000000   Number         0  entry7a.o ABSOLUTE
    ../clib/microlib/init/entry.s            0x00000000   Number         0  entry5.o ABSOLUTE
    ../clib/microlib/init/entry.s            0x00000000   Number         0  entry2.o ABSOLUTE
    ../clib/microlib/init/entry.s            0x00000000   Number         0  entry9b.o ABSOLUTE
    ../clib/microlib/longlong.c              0x00000000   Number         0  llushr.o ABSOLUTE
    ../clib/microlib/longlong.c              0x00000000   Number         0  llshl.o ABSOLUTE
    ../clib/microlib/longlong.c              0x00000000   Number         0  llsshr.o ABSOLUTE
    ../clib/microlib/printf/printf.c         0x00000000   Number         0  printf0.o ABSOLUTE
    ../clib/microlib/printf/printf.c         0x00000000   Number         0  printf1.o ABSOLUTE
    ../clib/microlib/printf/printf.c         0x00000000   Number         0  printf2.o ABSOLUTE
    ../clib/microlib/printf/printf.c         0x00000000   Number         0  printf3.o ABSOLUTE
    ../clib/microlib/printf/printf.c         0x00000000   Number         0  printf4.o ABSOLUTE
    ../clib/microlib/printf/printf.c         0x00000000   Number         0  printf5.o ABSOLUTE
    ../clib/microlib/printf/printf.c         0x00000000   Number         0  printf6.o ABSOLUTE
    ../clib/microlib/printf/printf.c         0x00000000   Number         0  printfb.o ABSOLUTE
    ../clib/microlib/printf/printf.c         0x00000000   Number         0  printfa.o ABSOLUTE
    ../clib/microlib/printf/printf.c         0x00000000   Number         0  printf8.o ABSOLUTE
    ../clib/microlib/printf/printf.c         0x00000000   Number         0  printf7.o ABSOLUTE
    ../clib/microlib/printf/stubs.s          0x00000000   Number         0  stubs.o ABSOLUTE
    ../clib/microlib/stdio/streams.c         0x00000000   Number         0  stdout.o ABSOLUTE
    ../clib/microlib/string/memset.c         0x00000000   Number         0  memseta.o ABSOLUTE
    ../clib/microlib/stubs.s                 0x00000000   Number         0  iusefp.o ABSOLUTE
    ../fplib/microlib/d2f.c                  0x00000000   Number         0  d2f.o ABSOLUTE
    ../fplib/microlib/f2d.c                  0x00000000   Number         0  f2d.o ABSOLUTE
    ../fplib/microlib/fpadd.c                0x00000000   Number         0  dadd.o ABSOLUTE
    ../fplib/microlib/fpadd.c                0x00000000   Number         0  fadd.o ABSOLUTE
    ../fplib/microlib/fpdiv.c                0x00000000   Number         0  ddiv.o ABSOLUTE
    ../fplib/microlib/fpepilogue.c           0x00000000   Number         0  fepilogue.o ABSOLUTE
    ../fplib/microlib/fpepilogue.c           0x00000000   Number         0  depilogue.o ABSOLUTE
    ../fplib/microlib/fpfix.c                0x00000000   Number         0  dfixul.o ABSOLUTE
    ../fplib/microlib/fpflt.c                0x00000000   Number         0  ffltui.o ABSOLUTE
    ../fplib/microlib/fpmul.c                0x00000000   Number         0  dmul.o ABSOLUTE
    ../fplib/microlib/fpscalb.c              0x00000000   Number         0  dscalb.o ABSOLUTE
    ..\Core\Src\adc.c                        0x00000000   Number         0  adc.o ABSOLUTE
    ..\Core\Src\dma.c                        0x00000000   Number         0  dma.o ABSOLUTE
    ..\Core\Src\gpio.c                       0x00000000   Number         0  gpio.o ABSOLUTE
    ..\Core\Src\i2c.c                        0x00000000   Number         0  i2c.o ABSOLUTE
    ..\Core\Src\main.c                       0x00000000   Number         0  main.o ABSOLUTE
    ..\Core\Src\stm32f1xx_hal_msp.c          0x00000000   Number         0  stm32f1xx_hal_msp.o ABSOLUTE
    ..\Core\Src\stm32f1xx_it.c               0x00000000   Number         0  stm32f1xx_it.o ABSOLUTE
    ..\Core\Src\system_stm32f1xx.c           0x00000000   Number         0  system_stm32f1xx.o ABSOLUTE
    ..\Core\Src\tim.c                        0x00000000   Number         0  tim.o ABSOLUTE
    ..\Core\Src\usart.c                      0x00000000   Number         0  usart.o ABSOLUTE
    ..\Drivers\STM32F1xx_HAL_Driver\Src\stm32f1xx_hal.c 0x00000000   Number         0  stm32f1xx_hal.o ABSOLUTE
    ..\Drivers\STM32F1xx_HAL_Driver\Src\stm32f1xx_hal_adc.c 0x00000000   Number         0  stm32f1xx_hal_adc.o ABSOLUTE
    ..\Drivers\STM32F1xx_HAL_Driver\Src\stm32f1xx_hal_adc_ex.c 0x00000000   Number         0  stm32f1xx_hal_adc_ex.o ABSOLUTE
    ..\Drivers\STM32F1xx_HAL_Driver\Src\stm32f1xx_hal_cortex.c 0x00000000   Number         0  stm32f1xx_hal_cortex.o ABSOLUTE
    ..\Drivers\STM32F1xx_HAL_Driver\Src\stm32f1xx_hal_dma.c 0x00000000   Number         0  stm32f1xx_hal_dma.o ABSOLUTE
    ..\Drivers\STM32F1xx_HAL_Driver\Src\stm32f1xx_hal_exti.c 0x00000000   Number         0  stm32f1xx_hal_exti.o ABSOLUTE
    ..\Drivers\STM32F1xx_HAL_Driver\Src\stm32f1xx_hal_flash.c 0x00000000   Number         0  stm32f1xx_hal_flash.o ABSOLUTE
    ..\Drivers\STM32F1xx_HAL_Driver\Src\stm32f1xx_hal_flash_ex.c 0x00000000   Number         0  stm32f1xx_hal_flash_ex.o ABSOLUTE
    ..\Drivers\STM32F1xx_HAL_Driver\Src\stm32f1xx_hal_gpio.c 0x00000000   Number         0  stm32f1xx_hal_gpio.o ABSOLUTE
    ..\Drivers\STM32F1xx_HAL_Driver\Src\stm32f1xx_hal_gpio_ex.c 0x00000000   Number         0  stm32f1xx_hal_gpio_ex.o ABSOLUTE
    ..\Drivers\STM32F1xx_HAL_Driver\Src\stm32f1xx_hal_i2c.c 0x00000000   Number         0  stm32f1xx_hal_i2c.o ABSOLUTE
    ..\Drivers\STM32F1xx_HAL_Driver\Src\stm32f1xx_hal_pwr.c 0x00000000   Number         0  stm32f1xx_hal_pwr.o ABSOLUTE
    ..\Drivers\STM32F1xx_HAL_Driver\Src\stm32f1xx_hal_rcc.c 0x00000000   Number         0  stm32f1xx_hal_rcc.o ABSOLUTE
    ..\Drivers\STM32F1xx_HAL_Driver\Src\stm32f1xx_hal_rcc_ex.c 0x00000000   Number         0  stm32f1xx_hal_rcc_ex.o ABSOLUTE
    ..\Drivers\STM32F1xx_HAL_Driver\Src\stm32f1xx_hal_tim.c 0x00000000   Number         0  stm32f1xx_hal_tim.o ABSOLUTE
    ..\Drivers\STM32F1xx_HAL_Driver\Src\stm32f1xx_hal_tim_ex.c 0x00000000   Number         0  stm32f1xx_hal_tim_ex.o ABSOLUTE
    ..\Drivers\STM32F1xx_HAL_Driver\Src\stm32f1xx_hal_uart.c 0x00000000   Number         0  stm32f1xx_hal_uart.o ABSOLUTE
    ..\\hardware\\DHT11.c                    0x00000000   Number         0  dht11.o ABSOLUTE
    ..\\hardware\\buzzer.c                   0x00000000   Number         0  buzzer.o ABSOLUTE
    ..\\hardware\\environment.c              0x00000000   Number         0  environment.o ABSOLUTE
    ..\\hardware\\oled.c                     0x00000000   Number         0  oled.o ABSOLUTE
    ..\\hardware\\passthing.c                0x00000000   Number         0  passthing.o ABSOLUTE
    ..\hardware\DHT11.c                      0x00000000   Number         0  dht11.o ABSOLUTE
    ..\hardware\buzzer.c                     0x00000000   Number         0  buzzer.o ABSOLUTE
    ..\hardware\environment.c                0x00000000   Number         0  environment.o ABSOLUTE
    ..\hardware\oled.c                       0x00000000   Number         0  oled.o ABSOLUTE
    ..\hardware\passthing.c                  0x00000000   Number         0  passthing.o ABSOLUTE
    cdrcmple.s                               0x00000000   Number         0  cdrcmple.o ABSOLUTE
    cfrcmple.s                               0x00000000   Number         0  cfrcmple.o ABSOLUTE
    dc.s                                     0x00000000   Number         0  dc.o ABSOLUTE
    handlers.s                               0x00000000   Number         0  handlers.o ABSOLUTE
    init.s                                   0x00000000   Number         0  init.o ABSOLUTE
    startup_stm32f103xb.s                    0x00000000   Number         0  startup_stm32f103xb.o ABSOLUTE
    RESET                                    0x08000000   Section      236  startup_stm32f103xb.o(RESET)
    .ARM.Collect$$$$00000000                 0x080000ec   Section        0  entry.o(.ARM.Collect$$$$00000000)
    .ARM.Collect$$$$00000001                 0x080000ec   Section        4  entry2.o(.ARM.Collect$$$$00000001)
    .ARM.Collect$$$$00000004                 0x080000f0   Section        4  entry5.o(.ARM.Collect$$$$00000004)
    .ARM.Collect$$$$00000008                 0x080000f4   Section        0  entry7b.o(.ARM.Collect$$$$00000008)
    .ARM.Collect$$$$0000000A                 0x080000f4   Section        0  entry8b.o(.ARM.Collect$$$$0000000A)
    .ARM.Collect$$$$0000000B                 0x080000f4   Section        8  entry9a.o(.ARM.Collect$$$$0000000B)
    .ARM.Collect$$$$0000000D                 0x080000fc   Section        0  entry10a.o(.ARM.Collect$$$$0000000D)
    .ARM.Collect$$$$0000000F                 0x080000fc   Section        0  entry11a.o(.ARM.Collect$$$$0000000F)
    .ARM.Collect$$$$00002712                 0x080000fc   Section        4  entry2.o(.ARM.Collect$$$$00002712)
    __lit__00000000                          0x080000fc   Data           4  entry2.o(.ARM.Collect$$$$00002712)
    .text                                    0x08000100   Section       36  startup_stm32f103xb.o(.text)
    .text                                    0x08000124   Section        0  llushr.o(.text)
    .text                                    0x08000144   Section        0  memseta.o(.text)
    .text                                    0x08000168   Section        0  fadd.o(.text)
    .text                                    0x08000218   Section        0  dmul.o(.text)
    .text                                    0x080002fc   Section        0  ddiv.o(.text)
    .text                                    0x080003da   Section        0  dscalb.o(.text)
    .text                                    0x08000408   Section        0  ffltui.o(.text)
    .text                                    0x08000412   Section        0  f2d.o(.text)
    .text                                    0x08000438   Section        0  d2f.o(.text)
    .text                                    0x08000470   Section       20  cfrcmple.o(.text)
    .text                                    0x08000484   Section        0  uidiv.o(.text)
    .text                                    0x080004b0   Section        0  uldiv.o(.text)
    .text                                    0x08000512   Section        0  fepilogue.o(.text)
    .text                                    0x08000512   Section        0  iusefp.o(.text)
    .text                                    0x08000580   Section        0  depilogue.o(.text)
    .text                                    0x0800063a   Section        0  dadd.o(.text)
    .text                                    0x08000788   Section        0  dfixul.o(.text)
    .text                                    0x080007b8   Section       48  cdrcmple.o(.text)
    .text                                    0x080007e8   Section       36  init.o(.text)
    .text                                    0x0800080c   Section        0  llshl.o(.text)
    .text                                    0x0800082a   Section        0  llsshr.o(.text)
    i.ADC_ConversionStop_Disable             0x08000850   Section        0  stm32f1xx_hal_adc.o(i.ADC_ConversionStop_Disable)
    i.ADC_DMAConvCplt                        0x080008a6   Section        0  stm32f1xx_hal_adc.o(i.ADC_DMAConvCplt)
    i.ADC_DMAError                           0x080008f4   Section        0  stm32f1xx_hal_adc.o(i.ADC_DMAError)
    i.ADC_DMAHalfConvCplt                    0x0800090e   Section        0  stm32f1xx_hal_adc.o(i.ADC_DMAHalfConvCplt)
    i.ADC_Enable                             0x08000918   Section        0  stm32f1xx_hal_adc.o(i.ADC_Enable)
    i.BUZZER_BEEP1                           0x08000994   Section        0  buzzer.o(i.BUZZER_BEEP1)
    i.BUZZER_Init                            0x080009a4   Section        0  buzzer.o(i.BUZZER_Init)
    i.BUZZER_OFF                             0x080009cc   Section        0  buzzer.o(i.BUZZER_OFF)
    i.BUZZER_do                              0x080009dc   Section        0  environment.o(i.BUZZER_do)
    i.BusFault_Handler                       0x08000a14   Section        0  stm32f1xx_it.o(i.BusFault_Handler)
    i.DHT11_Check                            0x08000a18   Section        0  dht11.o(i.DHT11_Check)
    i.DHT11_IN                               0x08000a74   Section        0  dht11.o(i.DHT11_IN)
    i.DHT11_OUT                              0x08000a94   Section        0  dht11.o(i.DHT11_OUT)
    i.DHT11_Read_Bit                         0x08000ab4   Section        0  dht11.o(i.DHT11_Read_Bit)
    i.DHT11_Read_Byte                        0x08000b10   Section        0  dht11.o(i.DHT11_Read_Byte)
    i.DHT11_Read_Data                        0x08000b2a   Section        0  dht11.o(i.DHT11_Read_Data)
    i.DHT11_Start                            0x08000b7c   Section        0  dht11.o(i.DHT11_Start)
    i.DHT_do1                                0x08000bb0   Section        0  environment.o(i.DHT_do1)
    i.DHT_init                               0x08000ce4   Section        0  environment.o(i.DHT_init)
    i.DMA_SetConfig                          0x08000d6c   Section        0  stm32f1xx_hal_dma.o(i.DMA_SetConfig)
    DMA_SetConfig                            0x08000d6d   Thumb Code    42  stm32f1xx_hal_dma.o(i.DMA_SetConfig)
    i.DebugMon_Handler                       0x08000d96   Section        0  stm32f1xx_it.o(i.DebugMon_Handler)
    i.Delay_us                               0x08000d98   Section        0  main.o(i.Delay_us)
    i.EXTI9_5_IRQHandler                     0x08000de4   Section        0  stm32f1xx_it.o(i.EXTI9_5_IRQHandler)
    i.Error_Handler                          0x08000dea   Section        0  main.o(i.Error_Handler)
    i.HAL_ADCEx_Calibration_Start            0x08000df0   Section        0  stm32f1xx_hal_adc_ex.o(i.HAL_ADCEx_Calibration_Start)
    i.HAL_ADC_ConfigChannel                  0x08000ec8   Section        0  stm32f1xx_hal_adc.o(i.HAL_ADC_ConfigChannel)
    i.HAL_ADC_ConvCpltCallback               0x08000fc4   Section        0  stm32f1xx_hal_adc.o(i.HAL_ADC_ConvCpltCallback)
    i.HAL_ADC_ConvHalfCpltCallback           0x08000fc6   Section        0  stm32f1xx_hal_adc.o(i.HAL_ADC_ConvHalfCpltCallback)
    i.HAL_ADC_ErrorCallback                  0x08000fc8   Section        0  stm32f1xx_hal_adc.o(i.HAL_ADC_ErrorCallback)
    i.HAL_ADC_Init                           0x08000fcc   Section        0  stm32f1xx_hal_adc.o(i.HAL_ADC_Init)
    i.HAL_ADC_MspInit                        0x080010e8   Section        0  adc.o(i.HAL_ADC_MspInit)
    i.HAL_ADC_Start_DMA                      0x08001178   Section        0  stm32f1xx_hal_adc.o(i.HAL_ADC_Start_DMA)
    i.HAL_DMA_Init                           0x08001284   Section        0  stm32f1xx_hal_dma.o(i.HAL_DMA_Init)
    i.HAL_DMA_Start_IT                       0x080012e0   Section        0  stm32f1xx_hal_dma.o(i.HAL_DMA_Start_IT)
    i.HAL_Delay                              0x08001350   Section        0  stm32f1xx_hal.o(i.HAL_Delay)
    i.HAL_GPIO_EXTI_Callback                 0x08001374   Section        0  passthing.o(i.HAL_GPIO_EXTI_Callback)
    i.HAL_GPIO_EXTI_IRQHandler               0x080013fc   Section        0  stm32f1xx_hal_gpio.o(i.HAL_GPIO_EXTI_IRQHandler)
    i.HAL_GPIO_Init                          0x08001414   Section        0  stm32f1xx_hal_gpio.o(i.HAL_GPIO_Init)
    i.HAL_GPIO_ReadPin                       0x080015f4   Section        0  stm32f1xx_hal_gpio.o(i.HAL_GPIO_ReadPin)
    i.HAL_GPIO_WritePin                      0x080015fe   Section        0  stm32f1xx_hal_gpio.o(i.HAL_GPIO_WritePin)
    i.HAL_GetTick                            0x08001608   Section        0  stm32f1xx_hal.o(i.HAL_GetTick)
    i.HAL_I2C_Init                           0x08001614   Section        0  stm32f1xx_hal_i2c.o(i.HAL_I2C_Init)
    i.HAL_I2C_Master_Transmit                0x0800179c   Section        0  stm32f1xx_hal_i2c.o(i.HAL_I2C_Master_Transmit)
    i.HAL_I2C_MspInit                        0x080018c8   Section        0  i2c.o(i.HAL_I2C_MspInit)
    i.HAL_I2C_WriteByte                      0x08001924   Section        0  oled.o(i.HAL_I2C_WriteByte)
    i.HAL_IncTick                            0x08001944   Section        0  stm32f1xx_hal.o(i.HAL_IncTick)
    i.HAL_Init                               0x08001954   Section        0  stm32f1xx_hal.o(i.HAL_Init)
    i.HAL_InitTick                           0x08001978   Section        0  stm32f1xx_hal.o(i.HAL_InitTick)
    i.HAL_MspInit                            0x080019b8   Section        0  stm32f1xx_hal_msp.o(i.HAL_MspInit)
    i.HAL_NVIC_EnableIRQ                     0x080019f4   Section        0  stm32f1xx_hal_cortex.o(i.HAL_NVIC_EnableIRQ)
    i.HAL_NVIC_SetPriority                   0x08001a10   Section        0  stm32f1xx_hal_cortex.o(i.HAL_NVIC_SetPriority)
    i.HAL_NVIC_SetPriorityGrouping           0x08001a50   Section        0  stm32f1xx_hal_cortex.o(i.HAL_NVIC_SetPriorityGrouping)
    i.HAL_RCCEx_GetPeriphCLKFreq             0x08001a74   Section        0  stm32f1xx_hal_rcc_ex.o(i.HAL_RCCEx_GetPeriphCLKFreq)
    i.HAL_RCCEx_PeriphCLKConfig              0x08001b18   Section        0  stm32f1xx_hal_rcc_ex.o(i.HAL_RCCEx_PeriphCLKConfig)
    i.HAL_RCC_ClockConfig                    0x08001c04   Section        0  stm32f1xx_hal_rcc.o(i.HAL_RCC_ClockConfig)
    i.HAL_RCC_GetPCLK1Freq                   0x08001d30   Section        0  stm32f1xx_hal_rcc.o(i.HAL_RCC_GetPCLK1Freq)
    i.HAL_RCC_GetPCLK2Freq                   0x08001d50   Section        0  stm32f1xx_hal_rcc.o(i.HAL_RCC_GetPCLK2Freq)
    i.HAL_RCC_GetSysClockFreq                0x08001d70   Section        0  stm32f1xx_hal_rcc.o(i.HAL_RCC_GetSysClockFreq)
    i.HAL_RCC_OscConfig                      0x08001dbc   Section        0  stm32f1xx_hal_rcc.o(i.HAL_RCC_OscConfig)
    i.HAL_SYSTICK_Config                     0x080020dc   Section        0  stm32f1xx_hal_cortex.o(i.HAL_SYSTICK_Config)
    i.HAL_TIMEx_BreakCallback                0x08002104   Section        0  stm32f1xx_hal_tim_ex.o(i.HAL_TIMEx_BreakCallback)
    i.HAL_TIMEx_CommutCallback               0x08002106   Section        0  stm32f1xx_hal_tim_ex.o(i.HAL_TIMEx_CommutCallback)
    i.HAL_TIMEx_MasterConfigSynchronization  0x08002108   Section        0  stm32f1xx_hal_tim_ex.o(i.HAL_TIMEx_MasterConfigSynchronization)
    i.HAL_TIM_Base_Init                      0x08002170   Section        0  stm32f1xx_hal_tim.o(i.HAL_TIM_Base_Init)
    i.HAL_TIM_Base_MspInit                   0x080021cc   Section        0  tim.o(i.HAL_TIM_Base_MspInit)
    i.HAL_TIM_Base_Start_IT                  0x08002204   Section        0  stm32f1xx_hal_tim.o(i.HAL_TIM_Base_Start_IT)
    i.HAL_TIM_ConfigClockSource              0x0800225c   Section        0  stm32f1xx_hal_tim.o(i.HAL_TIM_ConfigClockSource)
    i.HAL_TIM_IC_CaptureCallback             0x08002338   Section        0  stm32f1xx_hal_tim.o(i.HAL_TIM_IC_CaptureCallback)
    i.HAL_TIM_IRQHandler                     0x0800233a   Section        0  stm32f1xx_hal_tim.o(i.HAL_TIM_IRQHandler)
    i.HAL_TIM_OC_DelayElapsedCallback        0x080024a0   Section        0  stm32f1xx_hal_tim.o(i.HAL_TIM_OC_DelayElapsedCallback)
    i.HAL_TIM_PWM_PulseFinishedCallback      0x080024a2   Section        0  stm32f1xx_hal_tim.o(i.HAL_TIM_PWM_PulseFinishedCallback)
    i.HAL_TIM_PeriodElapsedCallback          0x080024a4   Section        0  passthing.o(i.HAL_TIM_PeriodElapsedCallback)
    i.HAL_TIM_TriggerCallback                0x08002514   Section        0  stm32f1xx_hal_tim.o(i.HAL_TIM_TriggerCallback)
    i.HAL_UART_Init                          0x08002516   Section        0  stm32f1xx_hal_uart.o(i.HAL_UART_Init)
    i.HAL_UART_MspInit                       0x0800257c   Section        0  usart.o(i.HAL_UART_MspInit)
    i.HardFault_Handler                      0x080025ec   Section        0  stm32f1xx_it.o(i.HardFault_Handler)
    i.I2C_IsAcknowledgeFailed                0x080025ee   Section        0  stm32f1xx_hal_i2c.o(i.I2C_IsAcknowledgeFailed)
    I2C_IsAcknowledgeFailed                  0x080025ef   Thumb Code    46  stm32f1xx_hal_i2c.o(i.I2C_IsAcknowledgeFailed)
    i.I2C_MasterRequestWrite                 0x0800261c   Section        0  stm32f1xx_hal_i2c.o(i.I2C_MasterRequestWrite)
    I2C_MasterRequestWrite                   0x0800261d   Thumb Code   150  stm32f1xx_hal_i2c.o(i.I2C_MasterRequestWrite)
    i.I2C_WaitOnBTFFlagUntilTimeout          0x080026b8   Section        0  stm32f1xx_hal_i2c.o(i.I2C_WaitOnBTFFlagUntilTimeout)
    I2C_WaitOnBTFFlagUntilTimeout            0x080026b9   Thumb Code    86  stm32f1xx_hal_i2c.o(i.I2C_WaitOnBTFFlagUntilTimeout)
    i.I2C_WaitOnFlagUntilTimeout             0x08002710   Section        0  stm32f1xx_hal_i2c.o(i.I2C_WaitOnFlagUntilTimeout)
    I2C_WaitOnFlagUntilTimeout               0x08002711   Thumb Code   144  stm32f1xx_hal_i2c.o(i.I2C_WaitOnFlagUntilTimeout)
    i.I2C_WaitOnMasterAddressFlagUntilTimeout 0x080027a0   Section        0  stm32f1xx_hal_i2c.o(i.I2C_WaitOnMasterAddressFlagUntilTimeout)
    I2C_WaitOnMasterAddressFlagUntilTimeout  0x080027a1   Thumb Code   188  stm32f1xx_hal_i2c.o(i.I2C_WaitOnMasterAddressFlagUntilTimeout)
    i.I2C_WaitOnTXEFlagUntilTimeout          0x0800285c   Section        0  stm32f1xx_hal_i2c.o(i.I2C_WaitOnTXEFlagUntilTimeout)
    I2C_WaitOnTXEFlagUntilTimeout            0x0800285d   Thumb Code    86  stm32f1xx_hal_i2c.o(i.I2C_WaitOnTXEFlagUntilTimeout)
    i.Light_do1                              0x080028b4   Section        0  environment.o(i.Light_do1)
    i.MX_ADC1_Init                           0x080029a4   Section        0  adc.o(i.MX_ADC1_Init)
    i.MX_DMA_Init                            0x080029f4   Section        0  dma.o(i.MX_DMA_Init)
    i.MX_GPIO_Init                           0x08002a10   Section        0  gpio.o(i.MX_GPIO_Init)
    i.MX_I2C1_Init                           0x08002aec   Section        0  i2c.o(i.MX_I2C1_Init)
    i.MX_TIM2_Init                           0x08002b2c   Section        0  tim.o(i.MX_TIM2_Init)
    i.MX_USART2_UART_Init                    0x08002b90   Section        0  usart.o(i.MX_USART2_UART_Init)
    i.MemManage_Handler                      0x08002bc8   Section        0  stm32f1xx_it.o(i.MemManage_Handler)
    i.NMI_Handler                            0x08002bca   Section        0  stm32f1xx_it.o(i.NMI_Handler)
    i.OLED_AreaToggle                        0x08002bcc   Section        0  oled.o(i.OLED_AreaToggle)
    i.OLED_ClearRAM                          0x08002c34   Section        0  oled.o(i.OLED_ClearRAM)
    i.OLED_FullyFill                         0x08002c5c   Section        0  oled.o(i.OLED_FullyFill)
    i.OLED_GetPixel                          0x08002c84   Section        0  oled.o(i.OLED_GetPixel)
    i.OLED_Init                              0x08002cac   Section        0  oled.o(i.OLED_Init)
    i.OLED_RefreshRAM                        0x08002d68   Section        0  oled.o(i.OLED_RefreshRAM)
    i.OLED_SetPixel                          0x08002dac   Section        0  oled.o(i.OLED_SetPixel)
    i.OLED_ShowStr                           0x08002de8   Section        0  oled.o(i.OLED_ShowStr)
    i.PASS_DO1                               0x08002f1c   Section        0  environment.o(i.PASS_DO1)
    i.PendSV_Handler                         0x08002fc8   Section        0  stm32f1xx_it.o(i.PendSV_Handler)
    i.SVC_Handler                            0x08002fca   Section        0  stm32f1xx_it.o(i.SVC_Handler)
    i.SysTick_Handler                        0x08002fcc   Section        0  stm32f1xx_it.o(i.SysTick_Handler)
    i.SystemClock_Config                     0x08002fd0   Section        0  main.o(i.SystemClock_Config)
    i.SystemInit                             0x08003048   Section        0  system_stm32f1xx.o(i.SystemInit)
    i.TIM2_IRQHandler                        0x0800304c   Section        0  stm32f1xx_it.o(i.TIM2_IRQHandler)
    i.TIM_Base_SetConfig                     0x08003058   Section        0  stm32f1xx_hal_tim.o(i.TIM_Base_SetConfig)
    i.TIM_ETR_SetConfig                      0x080030c4   Section        0  stm32f1xx_hal_tim.o(i.TIM_ETR_SetConfig)
    i.TIM_ITRx_SetConfig                     0x080030d8   Section        0  stm32f1xx_hal_tim.o(i.TIM_ITRx_SetConfig)
    TIM_ITRx_SetConfig                       0x080030d9   Thumb Code    16  stm32f1xx_hal_tim.o(i.TIM_ITRx_SetConfig)
    i.TIM_TI1_ConfigInputStage               0x080030e8   Section        0  stm32f1xx_hal_tim.o(i.TIM_TI1_ConfigInputStage)
    TIM_TI1_ConfigInputStage                 0x080030e9   Thumb Code    34  stm32f1xx_hal_tim.o(i.TIM_TI1_ConfigInputStage)
    i.TIM_TI2_ConfigInputStage               0x0800310a   Section        0  stm32f1xx_hal_tim.o(i.TIM_TI2_ConfigInputStage)
    TIM_TI2_ConfigInputStage                 0x0800310b   Thumb Code    36  stm32f1xx_hal_tim.o(i.TIM_TI2_ConfigInputStage)
    i.UART_SetConfig                         0x08003130   Section        0  stm32f1xx_hal_uart.o(i.UART_SetConfig)
    UART_SetConfig                           0x08003131   Thumb Code   178  stm32f1xx_hal_uart.o(i.UART_SetConfig)
    i.UsageFault_Handler                     0x080031e8   Section        0  stm32f1xx_it.o(i.UsageFault_Handler)
    i.WriteCmd                               0x080031ea   Section        0  oled.o(i.WriteCmd)
    i.WriteDat                               0x080031f2   Section        0  oled.o(i.WriteDat)
    i.__0sprintf                             0x080031fc   Section        0  printfa.o(i.__0sprintf)
    i.__NVIC_SetPriority                     0x08003224   Section        0  stm32f1xx_hal_cortex.o(i.__NVIC_SetPriority)
    __NVIC_SetPriority                       0x08003225   Thumb Code    32  stm32f1xx_hal_cortex.o(i.__NVIC_SetPriority)
    i.__scatterload_copy                     0x08003244   Section       14  handlers.o(i.__scatterload_copy)
    i.__scatterload_null                     0x08003252   Section        2  handlers.o(i.__scatterload_null)
    i.__scatterload_zeroinit                 0x08003254   Section       14  handlers.o(i.__scatterload_zeroinit)
    i._fp_digits                             0x08003264   Section        0  printfa.o(i._fp_digits)
    _fp_digits                               0x08003265   Thumb Code   334  printfa.o(i._fp_digits)
    i._printf_core                           0x080033c8   Section        0  printfa.o(i._printf_core)
    _printf_core                             0x080033c9   Thumb Code  1744  printfa.o(i._printf_core)
    i._printf_post_padding                   0x08003aa4   Section        0  printfa.o(i._printf_post_padding)
    _printf_post_padding                     0x08003aa5   Thumb Code    36  printfa.o(i._printf_post_padding)
    i._printf_pre_padding                    0x08003ac8   Section        0  printfa.o(i._printf_pre_padding)
    _printf_pre_padding                      0x08003ac9   Thumb Code    46  printfa.o(i._printf_pre_padding)
    i._sputc                                 0x08003af6   Section        0  printfa.o(i._sputc)
    _sputc                                   0x08003af7   Thumb Code    10  printfa.o(i._sputc)
    i.key_do1                                0x08003b00   Section        0  environment.o(i.key_do1)
    i.main                                   0x08004170   Section        0  main.o(i.main)
    i.page2_init                             0x0800421c   Section        0  environment.o(i.page2_init)
    .constdata                               0x080042d4   Section       18  stm32f1xx_hal_rcc.o(.constdata)
    aPredivFactorTable                       0x080042d4   Data           2  stm32f1xx_hal_rcc.o(.constdata)
    aPLLMULFactorTable                       0x080042d6   Data          16  stm32f1xx_hal_rcc.o(.constdata)
    .constdata                               0x080042e6   Section       18  stm32f1xx_hal_rcc_ex.o(.constdata)
    aPredivFactorTable                       0x080042e6   Data           2  stm32f1xx_hal_rcc_ex.o(.constdata)
    aPLLMULFactorTable                       0x080042e8   Data          16  stm32f1xx_hal_rcc_ex.o(.constdata)
    .constdata                               0x080042f8   Section       16  system_stm32f1xx.o(.constdata)
    .constdata                               0x08004308   Section        8  system_stm32f1xx.o(.constdata)
    .constdata                               0x08004310   Section     2140  oled.o(.constdata)
    .data                                    0x20000000   Section        6  main.o(.data)
    .data                                    0x20000008   Section        4  adc.o(.data)
    .data                                    0x2000000c   Section       12  stm32f1xx_hal.o(.data)
    .data                                    0x20000018   Section        4  system_stm32f1xx.o(.data)
    .data                                    0x2000001c   Section       14  passthing.o(.data)
    .data                                    0x2000002c   Section       20  environment.o(.data)
    .bss                                     0x20000040   Section       21  main.o(.bss)
    .bss                                     0x20000058   Section      116  adc.o(.bss)
    .bss                                     0x200000cc   Section       84  i2c.o(.bss)
    .bss                                     0x20000120   Section       72  tim.o(.bss)
    .bss                                     0x20000168   Section       72  usart.o(.bss)
    .bss                                     0x200001b0   Section     1024  oled.o(.bss)
    OLED_RAM                                 0x200001b0   Data        1024  oled.o(.bss)
    .bss                                     0x200005b0   Section       21  passthing.o(.bss)
    .bss                                     0x200005c5   Section       21  environment.o(.bss)
    STACK                                    0x200005e0   Section     1024  startup_stm32f103xb.o(STACK)

    Global Symbols

    Symbol Name                              Value     Ov Type        Size  Object(Section)

    BuildAttributes$$THM_ISAv4$P$D$K$B$S$PE$A:L22UL41UL21$X:L11$S22US41US21$IEEE1$IW$USESV6$~STKCKD$USESV7$~SHL$OTIME$ROPI$EBA8$MICROLIB$REQ8$PRES8$EABIv2 0x00000000   Number         0  anon$$obj.o ABSOLUTE
    __ARM_use_no_argv                        0x00000000   Number         0  main.o ABSOLUTE
    _printf_a                                0x00000000   Number         0  stubs.o ABSOLUTE
    _printf_c                                0x00000000   Number         0  stubs.o ABSOLUTE
    _printf_charcount                        0x00000000   Number         0  stubs.o ABSOLUTE
    _printf_d                                0x00000000   Number         0  stubs.o ABSOLUTE
    _printf_e                                0x00000000   Number         0  stubs.o ABSOLUTE
    _printf_f                                0x00000000   Number         0  stubs.o ABSOLUTE
    _printf_flags                            0x00000000   Number         0  stubs.o ABSOLUTE
    _printf_fp_dec                           0x00000000   Number         0  stubs.o ABSOLUTE
    _printf_fp_hex                           0x00000000   Number         0  stubs.o ABSOLUTE
    _printf_g                                0x00000000   Number         0  stubs.o ABSOLUTE
    _printf_i                                0x00000000   Number         0  stubs.o ABSOLUTE
    _printf_int_dec                          0x00000000   Number         0  stubs.o ABSOLUTE
    _printf_l                                0x00000000   Number         0  stubs.o ABSOLUTE
    _printf_lc                               0x00000000   Number         0  stubs.o ABSOLUTE
    _printf_ll                               0x00000000   Number         0  stubs.o ABSOLUTE
    _printf_lld                              0x00000000   Number         0  stubs.o ABSOLUTE
    _printf_lli                              0x00000000   Number         0  stubs.o ABSOLUTE
    _printf_llo                              0x00000000   Number         0  stubs.o ABSOLUTE
    _printf_llu                              0x00000000   Number         0  stubs.o ABSOLUTE
    _printf_llx                              0x00000000   Number         0  stubs.o ABSOLUTE
    _printf_longlong_dec                     0x00000000   Number         0  stubs.o ABSOLUTE
    _printf_longlong_hex                     0x00000000   Number         0  stubs.o ABSOLUTE
    _printf_longlong_oct                     0x00000000   Number         0  stubs.o ABSOLUTE
    _printf_ls                               0x00000000   Number         0  stubs.o ABSOLUTE
    _printf_mbtowc                           0x00000000   Number         0  stubs.o ABSOLUTE
    _printf_n                                0x00000000   Number         0  stubs.o ABSOLUTE
    _printf_o                                0x00000000   Number         0  stubs.o ABSOLUTE
    _printf_p                                0x00000000   Number         0  stubs.o ABSOLUTE
    _printf_percent                          0x00000000   Number         0  stubs.o ABSOLUTE
    _printf_pre_padding                      0x00000000   Number         0  stubs.o ABSOLUTE
    _printf_return_value                     0x00000000   Number         0  stubs.o ABSOLUTE
    _printf_s                                0x00000000   Number         0  stubs.o ABSOLUTE
    _printf_sizespec                         0x00000000   Number         0  stubs.o ABSOLUTE
    _printf_str                              0x00000000   Number         0  stubs.o ABSOLUTE
    _printf_truncate_signed                  0x00000000   Number         0  stubs.o ABSOLUTE
    _printf_truncate_unsigned                0x00000000   Number         0  stubs.o ABSOLUTE
    _printf_u                                0x00000000   Number         0  stubs.o ABSOLUTE
    _printf_wc                               0x00000000   Number         0  stubs.o ABSOLUTE
    _printf_wctomb                           0x00000000   Number         0  stubs.o ABSOLUTE
    _printf_widthprec                        0x00000000   Number         0  stubs.o ABSOLUTE
    _printf_x                                0x00000000   Number         0  stubs.o ABSOLUTE
    __cpp_initialize__aeabi_                  - Undefined Weak Reference
    __cxa_finalize                            - Undefined Weak Reference
    __decompress                              - Undefined Weak Reference
    _clock_init                               - Undefined Weak Reference
    _microlib_exit                            - Undefined Weak Reference
    __Vectors_Size                           0x000000ec   Number         0  startup_stm32f103xb.o ABSOLUTE
    __Vectors                                0x08000000   Data           4  startup_stm32f103xb.o(RESET)
    __Vectors_End                            0x080000ec   Data           0  startup_stm32f103xb.o(RESET)
    __main                                   0x080000ed   Thumb Code     0  entry.o(.ARM.Collect$$$$00000000)
    _main_stk                                0x080000ed   Thumb Code     0  entry2.o(.ARM.Collect$$$$00000001)
    _main_scatterload                        0x080000f1   Thumb Code     0  entry5.o(.ARM.Collect$$$$00000004)
    __main_after_scatterload                 0x080000f5   Thumb Code     0  entry5.o(.ARM.Collect$$$$00000004)
    _main_clock                              0x080000f5   Thumb Code     0  entry7b.o(.ARM.Collect$$$$00000008)
    _main_cpp_init                           0x080000f5   Thumb Code     0  entry8b.o(.ARM.Collect$$$$0000000A)
    _main_init                               0x080000f5   Thumb Code     0  entry9a.o(.ARM.Collect$$$$0000000B)
    __rt_final_cpp                           0x080000fd   Thumb Code     0  entry10a.o(.ARM.Collect$$$$0000000D)
    __rt_final_exit                          0x080000fd   Thumb Code     0  entry11a.o(.ARM.Collect$$$$0000000F)
    Reset_Handler                            0x08000101   Thumb Code     8  startup_stm32f103xb.o(.text)
    ADC1_2_IRQHandler                        0x0800011b   Thumb Code     0  startup_stm32f103xb.o(.text)
    CAN1_RX1_IRQHandler                      0x0800011b   Thumb Code     0  startup_stm32f103xb.o(.text)
    CAN1_SCE_IRQHandler                      0x0800011b   Thumb Code     0  startup_stm32f103xb.o(.text)
    DMA1_Channel1_IRQHandler                 0x0800011b   Thumb Code     0  startup_stm32f103xb.o(.text)
    DMA1_Channel2_IRQHandler                 0x0800011b   Thumb Code     0  startup_stm32f103xb.o(.text)
    DMA1_Channel3_IRQHandler                 0x0800011b   Thumb Code     0  startup_stm32f103xb.o(.text)
    DMA1_Channel4_IRQHandler                 0x0800011b   Thumb Code     0  startup_stm32f103xb.o(.text)
    DMA1_Channel5_IRQHandler                 0x0800011b   Thumb Code     0  startup_stm32f103xb.o(.text)
    DMA1_Channel6_IRQHandler                 0x0800011b   Thumb Code     0  startup_stm32f103xb.o(.text)
    DMA1_Channel7_IRQHandler                 0x0800011b   Thumb Code     0  startup_stm32f103xb.o(.text)
    EXTI0_IRQHandler                         0x0800011b   Thumb Code     0  startup_stm32f103xb.o(.text)
    EXTI15_10_IRQHandler                     0x0800011b   Thumb Code     0  startup_stm32f103xb.o(.text)
    EXTI1_IRQHandler                         0x0800011b   Thumb Code     0  startup_stm32f103xb.o(.text)
    EXTI2_IRQHandler                         0x0800011b   Thumb Code     0  startup_stm32f103xb.o(.text)
    EXTI3_IRQHandler                         0x0800011b   Thumb Code     0  startup_stm32f103xb.o(.text)
    EXTI4_IRQHandler                         0x0800011b   Thumb Code     0  startup_stm32f103xb.o(.text)
    FLASH_IRQHandler                         0x0800011b   Thumb Code     0  startup_stm32f103xb.o(.text)
    I2C1_ER_IRQHandler                       0x0800011b   Thumb Code     0  startup_stm32f103xb.o(.text)
    I2C1_EV_IRQHandler                       0x0800011b   Thumb Code     0  startup_stm32f103xb.o(.text)
    I2C2_ER_IRQHandler                       0x0800011b   Thumb Code     0  startup_stm32f103xb.o(.text)
    I2C2_EV_IRQHandler                       0x0800011b   Thumb Code     0  startup_stm32f103xb.o(.text)
    PVD_IRQHandler                           0x0800011b   Thumb Code     0  startup_stm32f103xb.o(.text)
    RCC_IRQHandler                           0x0800011b   Thumb Code     0  startup_stm32f103xb.o(.text)
    RTC_Alarm_IRQHandler                     0x0800011b   Thumb Code     0  startup_stm32f103xb.o(.text)
    RTC_IRQHandler                           0x0800011b   Thumb Code     0  startup_stm32f103xb.o(.text)
    SPI1_IRQHandler                          0x0800011b   Thumb Code     0  startup_stm32f103xb.o(.text)
    SPI2_IRQHandler                          0x0800011b   Thumb Code     0  startup_stm32f103xb.o(.text)
    TAMPER_IRQHandler                        0x0800011b   Thumb Code     0  startup_stm32f103xb.o(.text)
    TIM1_BRK_IRQHandler                      0x0800011b   Thumb Code     0  startup_stm32f103xb.o(.text)
    TIM1_CC_IRQHandler                       0x0800011b   Thumb Code     0  startup_stm32f103xb.o(.text)
    TIM1_TRG_COM_IRQHandler                  0x0800011b   Thumb Code     0  startup_stm32f103xb.o(.text)
    TIM1_UP_IRQHandler                       0x0800011b   Thumb Code     0  startup_stm32f103xb.o(.text)
    TIM3_IRQHandler                          0x0800011b   Thumb Code     0  startup_stm32f103xb.o(.text)
    TIM4_IRQHandler                          0x0800011b   Thumb Code     0  startup_stm32f103xb.o(.text)
    USART1_IRQHandler                        0x0800011b   Thumb Code     0  startup_stm32f103xb.o(.text)
    USART2_IRQHandler                        0x0800011b   Thumb Code     0  startup_stm32f103xb.o(.text)
    USART3_IRQHandler                        0x0800011b   Thumb Code     0  startup_stm32f103xb.o(.text)
    USBWakeUp_IRQHandler                     0x0800011b   Thumb Code     0  startup_stm32f103xb.o(.text)
    USB_HP_CAN1_TX_IRQHandler                0x0800011b   Thumb Code     0  startup_stm32f103xb.o(.text)
    USB_LP_CAN1_RX0_IRQHandler               0x0800011b   Thumb Code     0  startup_stm32f103xb.o(.text)
    WWDG_IRQHandler                          0x0800011b   Thumb Code     0  startup_stm32f103xb.o(.text)
    __aeabi_llsr                             0x08000125   Thumb Code    32  llushr.o(.text)
    _ll_ushift_r                             0x08000125   Thumb Code     0  llushr.o(.text)
    __aeabi_memset                           0x08000145   Thumb Code    14  memseta.o(.text)
    __aeabi_memset4                          0x08000145   Thumb Code     0  memseta.o(.text)
    __aeabi_memset8                          0x08000145   Thumb Code     0  memseta.o(.text)
    __aeabi_memclr                           0x08000153   Thumb Code     4  memseta.o(.text)
    __aeabi_memclr4                          0x08000153   Thumb Code     0  memseta.o(.text)
    __aeabi_memclr8                          0x08000153   Thumb Code     0  memseta.o(.text)
    _memset$wrapper                          0x08000157   Thumb Code    18  memseta.o(.text)
    __aeabi_fadd                             0x08000169   Thumb Code   164  fadd.o(.text)
    __aeabi_fsub                             0x0800020d   Thumb Code     6  fadd.o(.text)
    __aeabi_frsub                            0x08000213   Thumb Code     6  fadd.o(.text)
    __aeabi_dmul                             0x08000219   Thumb Code   228  dmul.o(.text)
    __aeabi_ddiv                             0x080002fd   Thumb Code   222  ddiv.o(.text)
    __ARM_scalbn                             0x080003db   Thumb Code    46  dscalb.o(.text)
    scalbn                                   0x080003db   Thumb Code     0  dscalb.o(.text)
    __aeabi_ui2f                             0x08000409   Thumb Code    10  ffltui.o(.text)
    __aeabi_f2d                              0x08000413   Thumb Code    38  f2d.o(.text)
    __aeabi_d2f                              0x08000439   Thumb Code    56  d2f.o(.text)
    __aeabi_cfrcmple                         0x08000471   Thumb Code    20  cfrcmple.o(.text)
    __aeabi_uidiv                            0x08000485   Thumb Code     0  uidiv.o(.text)
    __aeabi_uidivmod                         0x08000485   Thumb Code    44  uidiv.o(.text)
    __aeabi_uldivmod                         0x080004b1   Thumb Code    98  uldiv.o(.text)
    __I$use$fp                               0x08000513   Thumb Code     0  iusefp.o(.text)
    _float_round                             0x08000513   Thumb Code    18  fepilogue.o(.text)
    _float_epilogue                          0x08000525   Thumb Code    92  fepilogue.o(.text)
    _double_round                            0x08000581   Thumb Code    30  depilogue.o(.text)
    _double_epilogue                         0x0800059f   Thumb Code   156  depilogue.o(.text)
    __aeabi_dadd                             0x0800063b   Thumb Code   322  dadd.o(.text)
    __aeabi_dsub                             0x0800077d   Thumb Code     6  dadd.o(.text)
    __aeabi_drsub                            0x08000783   Thumb Code     6  dadd.o(.text)
    __aeabi_d2ulz                            0x08000789   Thumb Code    48  dfixul.o(.text)
    __aeabi_cdrcmple                         0x080007b9   Thumb Code    48  cdrcmple.o(.text)
    __scatterload                            0x080007e9   Thumb Code    28  init.o(.text)
    __scatterload_rt2                        0x080007e9   Thumb Code     0  init.o(.text)
    __aeabi_llsl                             0x0800080d   Thumb Code    30  llshl.o(.text)
    _ll_shift_l                              0x0800080d   Thumb Code     0  llshl.o(.text)
    __aeabi_lasr                             0x0800082b   Thumb Code    36  llsshr.o(.text)
    _ll_sshift_r                             0x0800082b   Thumb Code     0  llsshr.o(.text)
    ADC_ConversionStop_Disable               0x08000851   Thumb Code    86  stm32f1xx_hal_adc.o(i.ADC_ConversionStop_Disable)
    ADC_DMAConvCplt                          0x080008a7   Thumb Code    78  stm32f1xx_hal_adc.o(i.ADC_DMAConvCplt)
    ADC_DMAError                             0x080008f5   Thumb Code    26  stm32f1xx_hal_adc.o(i.ADC_DMAError)
    ADC_DMAHalfConvCplt                      0x0800090f   Thumb Code    10  stm32f1xx_hal_adc.o(i.ADC_DMAHalfConvCplt)
    ADC_Enable                               0x08000919   Thumb Code   114  stm32f1xx_hal_adc.o(i.ADC_Enable)
    BUZZER_BEEP1                             0x08000995   Thumb Code    10  buzzer.o(i.BUZZER_BEEP1)
    BUZZER_Init                              0x080009a5   Thumb Code    36  buzzer.o(i.BUZZER_Init)
    BUZZER_OFF                               0x080009cd   Thumb Code    12  buzzer.o(i.BUZZER_OFF)
    BUZZER_do                                0x080009dd   Thumb Code    52  environment.o(i.BUZZER_do)
    BusFault_Handler                         0x08000a15   Thumb Code     2  stm32f1xx_it.o(i.BusFault_Handler)
    DHT11_Check                              0x08000a19   Thumb Code    88  dht11.o(i.DHT11_Check)
    DHT11_IN                                 0x08000a75   Thumb Code    28  dht11.o(i.DHT11_IN)
    DHT11_OUT                                0x08000a95   Thumb Code    28  dht11.o(i.DHT11_OUT)
    DHT11_Read_Bit                           0x08000ab5   Thumb Code    86  dht11.o(i.DHT11_Read_Bit)
    DHT11_Read_Byte                          0x08000b11   Thumb Code    26  dht11.o(i.DHT11_Read_Byte)
    DHT11_Read_Data                          0x08000b2b   Thumb Code    80  dht11.o(i.DHT11_Read_Data)
    DHT11_Start                              0x08000b7d   Thumb Code    48  dht11.o(i.DHT11_Start)
    DHT_do1                                  0x08000bb1   Thumb Code   162  environment.o(i.DHT_do1)
    DHT_init                                 0x08000ce5   Thumb Code    82  environment.o(i.DHT_init)
    DebugMon_Handler                         0x08000d97   Thumb Code     2  stm32f1xx_it.o(i.DebugMon_Handler)
    Delay_us                                 0x08000d99   Thumb Code    70  main.o(i.Delay_us)
    EXTI9_5_IRQHandler                       0x08000de5   Thumb Code     6  stm32f1xx_it.o(i.EXTI9_5_IRQHandler)
    Error_Handler                            0x08000deb   Thumb Code     4  main.o(i.Error_Handler)
    HAL_ADCEx_Calibration_Start              0x08000df1   Thumb Code   210  stm32f1xx_hal_adc_ex.o(i.HAL_ADCEx_Calibration_Start)
    HAL_ADC_ConfigChannel                    0x08000ec9   Thumb Code   240  stm32f1xx_hal_adc.o(i.HAL_ADC_ConfigChannel)
    HAL_ADC_ConvCpltCallback                 0x08000fc5   Thumb Code     2  stm32f1xx_hal_adc.o(i.HAL_ADC_ConvCpltCallback)
    HAL_ADC_ConvHalfCpltCallback             0x08000fc7   Thumb Code     2  stm32f1xx_hal_adc.o(i.HAL_ADC_ConvHalfCpltCallback)
    HAL_ADC_ErrorCallback                    0x08000fc9   Thumb Code     2  stm32f1xx_hal_adc.o(i.HAL_ADC_ErrorCallback)
    HAL_ADC_Init                             0x08000fcd   Thumb Code   272  stm32f1xx_hal_adc.o(i.HAL_ADC_Init)
    HAL_ADC_MspInit                          0x080010e9   Thumb Code   122  adc.o(i.HAL_ADC_MspInit)
    HAL_ADC_Start_DMA                        0x08001179   Thumb Code   246  stm32f1xx_hal_adc.o(i.HAL_ADC_Start_DMA)
    HAL_DMA_Init                             0x08001285   Thumb Code    84  stm32f1xx_hal_dma.o(i.HAL_DMA_Init)
    HAL_DMA_Start_IT                         0x080012e1   Thumb Code   112  stm32f1xx_hal_dma.o(i.HAL_DMA_Start_IT)
    HAL_Delay                                0x08001351   Thumb Code    32  stm32f1xx_hal.o(i.HAL_Delay)
    HAL_GPIO_EXTI_Callback                   0x08001375   Thumb Code    90  passthing.o(i.HAL_GPIO_EXTI_Callback)
    HAL_GPIO_EXTI_IRQHandler                 0x080013fd   Thumb Code    18  stm32f1xx_hal_gpio.o(i.HAL_GPIO_EXTI_IRQHandler)
    HAL_GPIO_Init                            0x08001415   Thumb Code   446  stm32f1xx_hal_gpio.o(i.HAL_GPIO_Init)
    HAL_GPIO_ReadPin                         0x080015f5   Thumb Code    10  stm32f1xx_hal_gpio.o(i.HAL_GPIO_ReadPin)
    HAL_GPIO_WritePin                        0x080015ff   Thumb Code    10  stm32f1xx_hal_gpio.o(i.HAL_GPIO_WritePin)
    HAL_GetTick                              0x08001609   Thumb Code     6  stm32f1xx_hal.o(i.HAL_GetTick)
    HAL_I2C_Init                             0x08001615   Thumb Code   376  stm32f1xx_hal_i2c.o(i.HAL_I2C_Init)
    HAL_I2C_Master_Transmit                  0x0800179d   Thumb Code   290  stm32f1xx_hal_i2c.o(i.HAL_I2C_Master_Transmit)
    HAL_I2C_MspInit                          0x080018c9   Thumb Code    80  i2c.o(i.HAL_I2C_MspInit)
    HAL_I2C_WriteByte                        0x08001925   Thumb Code    28  oled.o(i.HAL_I2C_WriteByte)
    HAL_IncTick                              0x08001945   Thumb Code    12  stm32f1xx_hal.o(i.HAL_IncTick)
    HAL_Init                                 0x08001955   Thumb Code    32  stm32f1xx_hal.o(i.HAL_Init)
    HAL_InitTick                             0x08001979   Thumb Code    54  stm32f1xx_hal.o(i.HAL_InitTick)
    HAL_MspInit                              0x080019b9   Thumb Code    52  stm32f1xx_hal_msp.o(i.HAL_MspInit)
    HAL_NVIC_EnableIRQ                       0x080019f5   Thumb Code    26  stm32f1xx_hal_cortex.o(i.HAL_NVIC_EnableIRQ)
    HAL_NVIC_SetPriority                     0x08001a11   Thumb Code    60  stm32f1xx_hal_cortex.o(i.HAL_NVIC_SetPriority)
    HAL_NVIC_SetPriorityGrouping             0x08001a51   Thumb Code    26  stm32f1xx_hal_cortex.o(i.HAL_NVIC_SetPriorityGrouping)
    HAL_RCCEx_GetPeriphCLKFreq               0x08001a75   Thumb Code   148  stm32f1xx_hal_rcc_ex.o(i.HAL_RCCEx_GetPeriphCLKFreq)
    HAL_RCCEx_PeriphCLKConfig                0x08001b19   Thumb Code   224  stm32f1xx_hal_rcc_ex.o(i.HAL_RCCEx_PeriphCLKConfig)
    HAL_RCC_ClockConfig                      0x08001c05   Thumb Code   280  stm32f1xx_hal_rcc.o(i.HAL_RCC_ClockConfig)
    HAL_RCC_GetPCLK1Freq                     0x08001d31   Thumb Code    20  stm32f1xx_hal_rcc.o(i.HAL_RCC_GetPCLK1Freq)
    HAL_RCC_GetPCLK2Freq                     0x08001d51   Thumb Code    20  stm32f1xx_hal_rcc.o(i.HAL_RCC_GetPCLK2Freq)
    HAL_RCC_GetSysClockFreq                  0x08001d71   Thumb Code    58  stm32f1xx_hal_rcc.o(i.HAL_RCC_GetSysClockFreq)
    HAL_RCC_OscConfig                        0x08001dbd   Thumb Code   778  stm32f1xx_hal_rcc.o(i.HAL_RCC_OscConfig)
    HAL_SYSTICK_Config                       0x080020dd   Thumb Code    40  stm32f1xx_hal_cortex.o(i.HAL_SYSTICK_Config)
    HAL_TIMEx_BreakCallback                  0x08002105   Thumb Code     2  stm32f1xx_hal_tim_ex.o(i.HAL_TIMEx_BreakCallback)
    HAL_TIMEx_CommutCallback                 0x08002107   Thumb Code     2  stm32f1xx_hal_tim_ex.o(i.HAL_TIMEx_CommutCallback)
    HAL_TIMEx_MasterConfigSynchronization    0x08002109   Thumb Code    92  stm32f1xx_hal_tim_ex.o(i.HAL_TIMEx_MasterConfigSynchronization)
    HAL_TIM_Base_Init                        0x08002171   Thumb Code    90  stm32f1xx_hal_tim.o(i.HAL_TIM_Base_Init)
    HAL_TIM_Base_MspInit                     0x080021cd   Thumb Code    50  tim.o(i.HAL_TIM_Base_MspInit)
    HAL_TIM_Base_Start_IT                    0x08002205   Thumb Code    76  stm32f1xx_hal_tim.o(i.HAL_TIM_Base_Start_IT)
    HAL_TIM_ConfigClockSource                0x0800225d   Thumb Code   220  stm32f1xx_hal_tim.o(i.HAL_TIM_ConfigClockSource)
    HAL_TIM_IC_CaptureCallback               0x08002339   Thumb Code     2  stm32f1xx_hal_tim.o(i.HAL_TIM_IC_CaptureCallback)
    HAL_TIM_IRQHandler                       0x0800233b   Thumb Code   358  stm32f1xx_hal_tim.o(i.HAL_TIM_IRQHandler)
    HAL_TIM_OC_DelayElapsedCallback          0x080024a1   Thumb Code     2  stm32f1xx_hal_tim.o(i.HAL_TIM_OC_DelayElapsedCallback)
    HAL_TIM_PWM_PulseFinishedCallback        0x080024a3   Thumb Code     2  stm32f1xx_hal_tim.o(i.HAL_TIM_PWM_PulseFinishedCallback)
    HAL_TIM_PeriodElapsedCallback            0x080024a5   Thumb Code   102  passthing.o(i.HAL_TIM_PeriodElapsedCallback)
    HAL_TIM_TriggerCallback                  0x08002515   Thumb Code     2  stm32f1xx_hal_tim.o(i.HAL_TIM_TriggerCallback)
    HAL_UART_Init                            0x08002517   Thumb Code   100  stm32f1xx_hal_uart.o(i.HAL_UART_Init)
    HAL_UART_MspInit                         0x0800257d   Thumb Code    98  usart.o(i.HAL_UART_MspInit)
    HardFault_Handler                        0x080025ed   Thumb Code     2  stm32f1xx_it.o(i.HardFault_Handler)
    Light_do1                                0x080028b5   Thumb Code   154  environment.o(i.Light_do1)
    MX_ADC1_Init                             0x080029a5   Thumb Code    72  adc.o(i.MX_ADC1_Init)
    MX_DMA_Init                              0x080029f5   Thumb Code    22  dma.o(i.MX_DMA_Init)
    MX_GPIO_Init                             0x08002a11   Thumb Code   204  gpio.o(i.MX_GPIO_Init)
    MX_I2C1_Init                             0x08002aed   Thumb Code    50  i2c.o(i.MX_I2C1_Init)
    MX_TIM2_Init                             0x08002b2d   Thumb Code    96  tim.o(i.MX_TIM2_Init)
    MX_USART2_UART_Init                      0x08002b91   Thumb Code    48  usart.o(i.MX_USART2_UART_Init)
    MemManage_Handler                        0x08002bc9   Thumb Code     2  stm32f1xx_it.o(i.MemManage_Handler)
    NMI_Handler                              0x08002bcb   Thumb Code     2  stm32f1xx_it.o(i.NMI_Handler)
    OLED_AreaToggle                          0x08002bcd   Thumb Code   104  oled.o(i.OLED_AreaToggle)
    OLED_ClearRAM                            0x08002c35   Thumb Code    34  oled.o(i.OLED_ClearRAM)
    OLED_FullyFill                           0x08002c5d   Thumb Code    36  oled.o(i.OLED_FullyFill)
    OLED_GetPixel                            0x08002c85   Thumb Code    34  oled.o(i.OLED_GetPixel)
    OLED_Init                                0x08002cad   Thumb Code   188  oled.o(i.OLED_Init)
    OLED_RefreshRAM                          0x08002d69   Thumb Code    62  oled.o(i.OLED_RefreshRAM)
    OLED_SetPixel                            0x08002dad   Thumb Code    56  oled.o(i.OLED_SetPixel)
    OLED_ShowStr                             0x08002de9   Thumb Code   298  oled.o(i.OLED_ShowStr)
    PASS_DO1                                 0x08002f1d   Thumb Code   106  environment.o(i.PASS_DO1)
    PendSV_Handler                           0x08002fc9   Thumb Code     2  stm32f1xx_it.o(i.PendSV_Handler)
    SVC_Handler                              0x08002fcb   Thumb Code     2  stm32f1xx_it.o(i.SVC_Handler)
    SysTick_Handler                          0x08002fcd   Thumb Code     4  stm32f1xx_it.o(i.SysTick_Handler)
    SystemClock_Config                       0x08002fd1   Thumb Code   120  main.o(i.SystemClock_Config)
    SystemInit                               0x08003049   Thumb Code     2  system_stm32f1xx.o(i.SystemInit)
    TIM2_IRQHandler                          0x0800304d   Thumb Code     6  stm32f1xx_it.o(i.TIM2_IRQHandler)
    TIM_Base_SetConfig                       0x08003059   Thumb Code    94  stm32f1xx_hal_tim.o(i.TIM_Base_SetConfig)
    TIM_ETR_SetConfig                        0x080030c5   Thumb Code    20  stm32f1xx_hal_tim.o(i.TIM_ETR_SetConfig)
    UsageFault_Handler                       0x080031e9   Thumb Code     2  stm32f1xx_it.o(i.UsageFault_Handler)
    WriteCmd                                 0x080031eb   Thumb Code     8  oled.o(i.WriteCmd)
    WriteDat                                 0x080031f3   Thumb Code     8  oled.o(i.WriteDat)
    __0sprintf                               0x080031fd   Thumb Code    34  printfa.o(i.__0sprintf)
    __1sprintf                               0x080031fd   Thumb Code     0  printfa.o(i.__0sprintf)
    __2sprintf                               0x080031fd   Thumb Code     0  printfa.o(i.__0sprintf)
    __c89sprintf                             0x080031fd   Thumb Code     0  printfa.o(i.__0sprintf)
    sprintf                                  0x080031fd   Thumb Code     0  printfa.o(i.__0sprintf)
    __scatterload_copy                       0x08003245   Thumb Code    14  handlers.o(i.__scatterload_copy)
    __scatterload_null                       0x08003253   Thumb Code     2  handlers.o(i.__scatterload_null)
    __scatterload_zeroinit                   0x08003255   Thumb Code    14  handlers.o(i.__scatterload_zeroinit)
    key_do1                                  0x08003b01   Thumb Code  1616  environment.o(i.key_do1)
    main                                     0x08004171   Thumb Code   130  main.o(i.main)
    page2_init                               0x0800421d   Thumb Code    88  environment.o(i.page2_init)
    AHBPrescTable                            0x080042f8   Data          16  system_stm32f1xx.o(.constdata)
    APBPrescTable                            0x08004308   Data           8  system_stm32f1xx.o(.constdata)
    F6x8                                     0x08004310   Data         552  oled.o(.constdata)
    F8X16                                    0x08004538   Data        1520  oled.o(.constdata)
    F16x16_CN                                0x08004b28   Data          68  oled.o(.constdata)
    Region$$Table$$Base                      0x08004b6c   Number         0  anon$$obj.o(Region$$Table)
    Region$$Table$$Limit                     0x08004b8c   Number         0  anon$$obj.o(Region$$Table)
    adcbuff                                  0x20000000   Data           6  main.o(.data)
    adc_vol                                  0x20000008   Data           4  adc.o(.data)
    uwTickFreq                               0x2000000c   Data           1  stm32f1xx_hal.o(.data)
    uwTickPrio                               0x20000010   Data           4  stm32f1xx_hal.o(.data)
    uwTick                                   0x20000014   Data           4  stm32f1xx_hal.o(.data)
    SystemCoreClock                          0x20000018   Data           4  system_stm32f1xx.o(.data)
    pass_flag                                0x2000001c   Data           1  passthing.o(.data)
    pass_tick                                0x20000020   Data           4  passthing.o(.data)
    key                                      0x20000024   Data           6  passthing.o(.data)
    temperature                              0x2000002c   Data           1  environment.o(.data)
    humidity                                 0x2000002d   Data           1  environment.o(.data)
    page                                     0x2000002e   Data           1  environment.o(.data)
    line                                     0x2000002f   Data           1  environment.o(.data)
    line_p                                   0x20000030   Data           1  environment.o(.data)
    buzzer_flag                              0x20000031   Data           1  environment.o(.data)
    buzzer_sin                               0x20000032   Data           1  environment.o(.data)
    temperature_t                            0x20000033   Data           1  environment.o(.data)
    humidity_t                               0x20000034   Data           1  environment.o(.data)
    buzzer_tick                              0x20000038   Data           4  environment.o(.data)
    Light_t                                  0x2000003c   Data           4  environment.o(.data)
    text                                     0x20000040   Data          21  main.o(.bss)
    hadc1                                    0x20000058   Data          48  adc.o(.bss)
    hdma_adc1                                0x20000088   Data          68  adc.o(.bss)
    hi2c1                                    0x200000cc   Data          84  i2c.o(.bss)
    htim2                                    0x20000120   Data          72  tim.o(.bss)
    huart2                                   0x20000168   Data          72  usart.o(.bss)
    text_pass                                0x200005b0   Data          21  passthing.o(.bss)
    text_env                                 0x200005c5   Data          21  environment.o(.bss)
    __initial_sp                             0x200009e0   Data           0  startup_stm32f103xb.o(STACK)



==============================================================================

Memory Map of the image

  Image Entry point : 0x080000ed

  Load Region LR_IROM1 (Base: 0x08000000, Size: 0x00004bcc, Max: 0x00010000, ABSOLUTE)

    Execution Region ER_IROM1 (Base: 0x08000000, Size: 0x00004b8c, Max: 0x00010000, ABSOLUTE)

    Base Addr    Size         Type   Attr      Idx    E Section Name        Object

    0x08000000   0x000000ec   Data   RO            3    RESET               startup_stm32f103xb.o
    0x080000ec   0x00000000   Code   RO         4038  * .ARM.Collect$$$$00000000  mc_w.l(entry.o)
    0x080000ec   0x00000004   Code   RO         4322    .ARM.Collect$$$$00000001  mc_w.l(entry2.o)
    0x080000f0   0x00000004   Code   RO         4325    .ARM.Collect$$$$00000004  mc_w.l(entry5.o)
    0x080000f4   0x00000000   Code   RO         4327    .ARM.Collect$$$$00000008  mc_w.l(entry7b.o)
    0x080000f4   0x00000000   Code   RO         4329    .ARM.Collect$$$$0000000A  mc_w.l(entry8b.o)
    0x080000f4   0x00000008   Code   RO         4330    .ARM.Collect$$$$0000000B  mc_w.l(entry9a.o)
    0x080000fc   0x00000000   Code   RO         4332    .ARM.Collect$$$$0000000D  mc_w.l(entry10a.o)
    0x080000fc   0x00000000   Code   RO         4334    .ARM.Collect$$$$0000000F  mc_w.l(entry11a.o)
    0x080000fc   0x00000004   Code   RO         4323    .ARM.Collect$$$$00002712  mc_w.l(entry2.o)
    0x08000100   0x00000024   Code   RO            4    .text               startup_stm32f103xb.o
    0x08000124   0x00000020   Code   RO         4041    .text               mc_w.l(llushr.o)
    0x08000144   0x00000024   Code   RO         4043    .text               mc_w.l(memseta.o)
    0x08000168   0x000000b0   Code   RO         4306    .text               mf_w.l(fadd.o)
    0x08000218   0x000000e4   Code   RO         4308    .text               mf_w.l(dmul.o)
    0x080002fc   0x000000de   Code   RO         4310    .text               mf_w.l(ddiv.o)
    0x080003da   0x0000002e   Code   RO         4312    .text               mf_w.l(dscalb.o)
    0x08000408   0x0000000a   Code   RO         4314    .text               mf_w.l(ffltui.o)
    0x08000412   0x00000026   Code   RO         4316    .text               mf_w.l(f2d.o)
    0x08000438   0x00000038   Code   RO         4318    .text               mf_w.l(d2f.o)
    0x08000470   0x00000014   Code   RO         4320    .text               mf_w.l(cfrcmple.o)
    0x08000484   0x0000002c   Code   RO         4337    .text               mc_w.l(uidiv.o)
    0x080004b0   0x00000062   Code   RO         4339    .text               mc_w.l(uldiv.o)
    0x08000512   0x00000000   Code   RO         4341    .text               mc_w.l(iusefp.o)
    0x08000512   0x0000006e   Code   RO         4342    .text               mf_w.l(fepilogue.o)
    0x08000580   0x000000ba   Code   RO         4344    .text               mf_w.l(depilogue.o)
    0x0800063a   0x0000014e   Code   RO         4346    .text               mf_w.l(dadd.o)
    0x08000788   0x00000030   Code   RO         4348    .text               mf_w.l(dfixul.o)
    0x080007b8   0x00000030   Code   RO         4350    .text               mf_w.l(cdrcmple.o)
    0x080007e8   0x00000024   Code   RO         4352    .text               mc_w.l(init.o)
    0x0800080c   0x0000001e   Code   RO         4354    .text               mc_w.l(llshl.o)
    0x0800082a   0x00000024   Code   RO         4356    .text               mc_w.l(llsshr.o)
    0x0800084e   0x00000002   PAD
    0x08000850   0x00000056   Code   RO          579    i.ADC_ConversionStop_Disable  stm32f1xx_hal_adc.o
    0x080008a6   0x0000004e   Code   RO          580    i.ADC_DMAConvCplt   stm32f1xx_hal_adc.o
    0x080008f4   0x0000001a   Code   RO          581    i.ADC_DMAError      stm32f1xx_hal_adc.o
    0x0800090e   0x0000000a   Code   RO          582    i.ADC_DMAHalfConvCplt  stm32f1xx_hal_adc.o
    0x08000918   0x0000007c   Code   RO          583    i.ADC_Enable        stm32f1xx_hal_adc.o
    0x08000994   0x00000010   Code   RO         3931    i.BUZZER_BEEP1      buzzer.o
    0x080009a4   0x00000028   Code   RO         3932    i.BUZZER_Init       buzzer.o
    0x080009cc   0x00000010   Code   RO         3933    i.BUZZER_OFF        buzzer.o
    0x080009dc   0x00000038   Code   RO         3967    i.BUZZER_do         environment.o
    0x08000a14   0x00000002   Code   RO          431    i.BusFault_Handler  stm32f1xx_it.o
    0x08000a16   0x00000002   PAD
    0x08000a18   0x0000005c   Code   RO         3819    i.DHT11_Check       dht11.o
    0x08000a74   0x00000020   Code   RO         3820    i.DHT11_IN          dht11.o
    0x08000a94   0x00000020   Code   RO         3821    i.DHT11_OUT         dht11.o
    0x08000ab4   0x0000005c   Code   RO         3822    i.DHT11_Read_Bit    dht11.o
    0x08000b10   0x0000001a   Code   RO         3823    i.DHT11_Read_Byte   dht11.o
    0x08000b2a   0x00000050   Code   RO         3824    i.DHT11_Read_Data   dht11.o
    0x08000b7a   0x00000002   PAD
    0x08000b7c   0x00000034   Code   RO         3825    i.DHT11_Start       dht11.o
    0x08000bb0   0x00000134   Code   RO         3968    i.DHT_do1           environment.o
    0x08000ce4   0x00000088   Code   RO         3969    i.DHT_init          environment.o
    0x08000d6c   0x0000002a   Code   RO         1235    i.DMA_SetConfig     stm32f1xx_hal_dma.o
    0x08000d96   0x00000002   Code   RO          432    i.DebugMon_Handler  stm32f1xx_it.o
    0x08000d98   0x0000004c   Code   RO           13    i.Delay_us          main.o
    0x08000de4   0x00000006   Code   RO          433    i.EXTI9_5_IRQHandler  stm32f1xx_it.o
    0x08000dea   0x00000004   Code   RO           14    i.Error_Handler     main.o
    0x08000dee   0x00000002   PAD
    0x08000df0   0x000000d8   Code   RO          759    i.HAL_ADCEx_Calibration_Start  stm32f1xx_hal_adc_ex.o
    0x08000ec8   0x000000fc   Code   RO          585    i.HAL_ADC_ConfigChannel  stm32f1xx_hal_adc.o
    0x08000fc4   0x00000002   Code   RO          586    i.HAL_ADC_ConvCpltCallback  stm32f1xx_hal_adc.o
    0x08000fc6   0x00000002   Code   RO          587    i.HAL_ADC_ConvHalfCpltCallback  stm32f1xx_hal_adc.o
    0x08000fc8   0x00000002   Code   RO          589    i.HAL_ADC_ErrorCallback  stm32f1xx_hal_adc.o
    0x08000fca   0x00000002   PAD
    0x08000fcc   0x0000011c   Code   RO          594    i.HAL_ADC_Init      stm32f1xx_hal_adc.o
    0x080010e8   0x00000090   Code   RO          232    i.HAL_ADC_MspInit   adc.o
    0x08001178   0x0000010c   Code   RO          601    i.HAL_ADC_Start_DMA  stm32f1xx_hal_adc.o
    0x08001284   0x0000005c   Code   RO         1242    i.HAL_DMA_Init      stm32f1xx_hal_dma.o
    0x080012e0   0x00000070   Code   RO         1246    i.HAL_DMA_Start_IT  stm32f1xx_hal_dma.o
    0x08001350   0x00000024   Code   RO          862    i.HAL_Delay         stm32f1xx_hal.o
    0x08001374   0x00000088   Code   RO         3882    i.HAL_GPIO_EXTI_Callback  passthing.o
    0x080013fc   0x00000018   Code   RO         1171    i.HAL_GPIO_EXTI_IRQHandler  stm32f1xx_hal_gpio.o
    0x08001414   0x000001e0   Code   RO         1172    i.HAL_GPIO_Init     stm32f1xx_hal_gpio.o
    0x080015f4   0x0000000a   Code   RO         1174    i.HAL_GPIO_ReadPin  stm32f1xx_hal_gpio.o
    0x080015fe   0x0000000a   Code   RO         1176    i.HAL_GPIO_WritePin  stm32f1xx_hal_gpio.o
    0x08001608   0x0000000c   Code   RO          866    i.HAL_GetTick       stm32f1xx_hal.o
    0x08001614   0x00000188   Code   RO         1843    i.HAL_I2C_Init      stm32f1xx_hal_i2c.o
    0x0800179c   0x0000012c   Code   RO         1856    i.HAL_I2C_Master_Transmit  stm32f1xx_hal_i2c.o
    0x080018c8   0x0000005c   Code   RO          300    i.HAL_I2C_MspInit   i2c.o
    0x08001924   0x00000020   Code   RO         3643    i.HAL_I2C_WriteByte  oled.o
    0x08001944   0x00000010   Code   RO          872    i.HAL_IncTick       stm32f1xx_hal.o
    0x08001954   0x00000024   Code   RO          873    i.HAL_Init          stm32f1xx_hal.o
    0x08001978   0x00000040   Code   RO          874    i.HAL_InitTick      stm32f1xx_hal.o
    0x080019b8   0x0000003c   Code   RO          519    i.HAL_MspInit       stm32f1xx_hal_msp.o
    0x080019f4   0x0000001a   Code   RO         1332    i.HAL_NVIC_EnableIRQ  stm32f1xx_hal_cortex.o
    0x08001a0e   0x00000002   PAD
    0x08001a10   0x00000040   Code   RO         1338    i.HAL_NVIC_SetPriority  stm32f1xx_hal_cortex.o
    0x08001a50   0x00000024   Code   RO         1339    i.HAL_NVIC_SetPriorityGrouping  stm32f1xx_hal_cortex.o
    0x08001a74   0x000000a4   Code   RO         1133    i.HAL_RCCEx_GetPeriphCLKFreq  stm32f1xx_hal_rcc_ex.o
    0x08001b18   0x000000ec   Code   RO         1134    i.HAL_RCCEx_PeriphCLKConfig  stm32f1xx_hal_rcc_ex.o
    0x08001c04   0x0000012c   Code   RO         1030    i.HAL_RCC_ClockConfig  stm32f1xx_hal_rcc.o
    0x08001d30   0x00000020   Code   RO         1037    i.HAL_RCC_GetPCLK1Freq  stm32f1xx_hal_rcc.o
    0x08001d50   0x00000020   Code   RO         1038    i.HAL_RCC_GetPCLK2Freq  stm32f1xx_hal_rcc.o
    0x08001d70   0x0000004c   Code   RO         1039    i.HAL_RCC_GetSysClockFreq  stm32f1xx_hal_rcc.o
    0x08001dbc   0x00000320   Code   RO         1042    i.HAL_RCC_OscConfig  stm32f1xx_hal_rcc.o
    0x080020dc   0x00000028   Code   RO         1343    i.HAL_SYSTICK_Config  stm32f1xx_hal_cortex.o
    0x08002104   0x00000002   Code   RO         2975    i.HAL_TIMEx_BreakCallback  stm32f1xx_hal_tim_ex.o
    0x08002106   0x00000002   Code   RO         2976    i.HAL_TIMEx_CommutCallback  stm32f1xx_hal_tim_ex.o
    0x08002108   0x00000068   Code   RO         2994    i.HAL_TIMEx_MasterConfigSynchronization  stm32f1xx_hal_tim_ex.o
    0x08002170   0x0000005a   Code   RO         2271    i.HAL_TIM_Base_Init  stm32f1xx_hal_tim.o
    0x080021ca   0x00000002   PAD
    0x080021cc   0x00000038   Code   RO          342    i.HAL_TIM_Base_MspInit  tim.o
    0x08002204   0x00000058   Code   RO         2276    i.HAL_TIM_Base_Start_IT  stm32f1xx_hal_tim.o
    0x0800225c   0x000000dc   Code   RO         2280    i.HAL_TIM_ConfigClockSource  stm32f1xx_hal_tim.o
    0x08002338   0x00000002   Code   RO         2305    i.HAL_TIM_IC_CaptureCallback  stm32f1xx_hal_tim.o
    0x0800233a   0x00000166   Code   RO         2319    i.HAL_TIM_IRQHandler  stm32f1xx_hal_tim.o
    0x080024a0   0x00000002   Code   RO         2322    i.HAL_TIM_OC_DelayElapsedCallback  stm32f1xx_hal_tim.o
    0x080024a2   0x00000002   Code   RO         2349    i.HAL_TIM_PWM_PulseFinishedCallback  stm32f1xx_hal_tim.o
    0x080024a4   0x00000070   Code   RO         3883    i.HAL_TIM_PeriodElapsedCallback  passthing.o
    0x08002514   0x00000002   Code   RO         2362    i.HAL_TIM_TriggerCallback  stm32f1xx_hal_tim.o
    0x08002516   0x00000064   Code   RO         3272    i.HAL_UART_Init     stm32f1xx_hal_uart.o
    0x0800257a   0x00000002   PAD
    0x0800257c   0x00000070   Code   RO          384    i.HAL_UART_MspInit  usart.o
    0x080025ec   0x00000002   Code   RO          434    i.HardFault_Handler  stm32f1xx_it.o
    0x080025ee   0x0000002e   Code   RO         1886    i.I2C_IsAcknowledgeFailed  stm32f1xx_hal_i2c.o
    0x0800261c   0x0000009c   Code   RO         1890    i.I2C_MasterRequestWrite  stm32f1xx_hal_i2c.o
    0x080026b8   0x00000056   Code   RO         1901    i.I2C_WaitOnBTFFlagUntilTimeout  stm32f1xx_hal_i2c.o
    0x0800270e   0x00000002   PAD
    0x08002710   0x00000090   Code   RO         1902    i.I2C_WaitOnFlagUntilTimeout  stm32f1xx_hal_i2c.o
    0x080027a0   0x000000bc   Code   RO         1903    i.I2C_WaitOnMasterAddressFlagUntilTimeout  stm32f1xx_hal_i2c.o
    0x0800285c   0x00000056   Code   RO         1905    i.I2C_WaitOnTXEFlagUntilTimeout  stm32f1xx_hal_i2c.o
    0x080028b2   0x00000002   PAD
    0x080028b4   0x000000f0   Code   RO         3970    i.Light_do1         environment.o
    0x080029a4   0x00000050   Code   RO          233    i.MX_ADC1_Init      adc.o
    0x080029f4   0x0000001c   Code   RO          275    i.MX_DMA_Init       dma.o
    0x08002a10   0x000000dc   Code   RO          203    i.MX_GPIO_Init      gpio.o
    0x08002aec   0x00000040   Code   RO          301    i.MX_I2C1_Init      i2c.o
    0x08002b2c   0x00000064   Code   RO          343    i.MX_TIM2_Init      tim.o
    0x08002b90   0x00000038   Code   RO          385    i.MX_USART2_UART_Init  usart.o
    0x08002bc8   0x00000002   Code   RO          435    i.MemManage_Handler  stm32f1xx_it.o
    0x08002bca   0x00000002   Code   RO          436    i.NMI_Handler       stm32f1xx_it.o
    0x08002bcc   0x00000068   Code   RO         3646    i.OLED_AreaToggle   oled.o
    0x08002c34   0x00000028   Code   RO         3647    i.OLED_ClearRAM     oled.o
    0x08002c5c   0x00000028   Code   RO         3651    i.OLED_FullyFill    oled.o
    0x08002c84   0x00000028   Code   RO         3653    i.OLED_GetPixel     oled.o
    0x08002cac   0x000000bc   Code   RO         3655    i.OLED_Init         oled.o
    0x08002d68   0x00000044   Code   RO         3659    i.OLED_RefreshRAM   oled.o
    0x08002dac   0x0000003c   Code   RO         3660    i.OLED_SetPixel     oled.o
    0x08002de8   0x00000134   Code   RO         3663    i.OLED_ShowStr      oled.o
    0x08002f1c   0x000000ac   Code   RO         3971    i.PASS_DO1          environment.o
    0x08002fc8   0x00000002   Code   RO          437    i.PendSV_Handler    stm32f1xx_it.o
    0x08002fca   0x00000002   Code   RO          438    i.SVC_Handler       stm32f1xx_it.o
    0x08002fcc   0x00000004   Code   RO          439    i.SysTick_Handler   stm32f1xx_it.o
    0x08002fd0   0x00000078   Code   RO           15    i.SystemClock_Config  main.o
    0x08003048   0x00000002   Code   RO         3606    i.SystemInit        system_stm32f1xx.o
    0x0800304a   0x00000002   PAD
    0x0800304c   0x0000000c   Code   RO          440    i.TIM2_IRQHandler   stm32f1xx_it.o
    0x08003058   0x0000006c   Code   RO         2364    i.TIM_Base_SetConfig  stm32f1xx_hal_tim.o
    0x080030c4   0x00000014   Code   RO         2375    i.TIM_ETR_SetConfig  stm32f1xx_hal_tim.o
    0x080030d8   0x00000010   Code   RO         2376    i.TIM_ITRx_SetConfig  stm32f1xx_hal_tim.o
    0x080030e8   0x00000022   Code   RO         2382    i.TIM_TI1_ConfigInputStage  stm32f1xx_hal_tim.o
    0x0800310a   0x00000024   Code   RO         2384    i.TIM_TI2_ConfigInputStage  stm32f1xx_hal_tim.o
    0x0800312e   0x00000002   PAD
    0x08003130   0x000000b8   Code   RO         3298    i.UART_SetConfig    stm32f1xx_hal_uart.o
    0x080031e8   0x00000002   Code   RO          441    i.UsageFault_Handler  stm32f1xx_it.o
    0x080031ea   0x00000008   Code   RO         3666    i.WriteCmd          oled.o
    0x080031f2   0x00000008   Code   RO         3667    i.WriteDat          oled.o
    0x080031fa   0x00000002   PAD
    0x080031fc   0x00000028   Code   RO         4280    i.__0sprintf        mc_w.l(printfa.o)
    0x08003224   0x00000020   Code   RO         1345    i.__NVIC_SetPriority  stm32f1xx_hal_cortex.o
    0x08003244   0x0000000e   Code   RO         4360    i.__scatterload_copy  mc_w.l(handlers.o)
    0x08003252   0x00000002   Code   RO         4361    i.__scatterload_null  mc_w.l(handlers.o)
    0x08003254   0x0000000e   Code   RO         4362    i.__scatterload_zeroinit  mc_w.l(handlers.o)
    0x08003262   0x00000002   PAD
    0x08003264   0x00000164   Code   RO         4285    i._fp_digits        mc_w.l(printfa.o)
    0x080033c8   0x000006dc   Code   RO         4286    i._printf_core      mc_w.l(printfa.o)
    0x08003aa4   0x00000024   Code   RO         4287    i._printf_post_padding  mc_w.l(printfa.o)
    0x08003ac8   0x0000002e   Code   RO         4288    i._printf_pre_padding  mc_w.l(printfa.o)
    0x08003af6   0x0000000a   Code   RO         4290    i._sputc            mc_w.l(printfa.o)
    0x08003b00   0x00000670   Code   RO         3972    i.key_do1           environment.o
    0x08004170   0x000000ac   Code   RO           16    i.main              main.o
    0x0800421c   0x000000b8   Code   RO         3973    i.page2_init        environment.o
    0x080042d4   0x00000012   Data   RO         1043    .constdata          stm32f1xx_hal_rcc.o
    0x080042e6   0x00000012   Data   RO         1135    .constdata          stm32f1xx_hal_rcc_ex.o
    0x080042f8   0x00000010   Data   RO         3607    .constdata          system_stm32f1xx.o
    0x08004308   0x00000008   Data   RO         3608    .constdata          system_stm32f1xx.o
    0x08004310   0x0000085c   Data   RO         3669    .constdata          oled.o
    0x08004b6c   0x00000020   Data   RO         4358    Region$$Table       anon$$obj.o


    Execution Region RW_IRAM1 (Base: 0x20000000, Size: 0x000009e0, Max: 0x00005000, ABSOLUTE)

    Base Addr    Size         Type   Attr      Idx    E Section Name        Object

    0x20000000   0x00000006   Data   RW           18    .data               main.o
    0x20000006   0x00000002   PAD
    0x20000008   0x00000004   Data   RW          236    .data               adc.o
    0x2000000c   0x0000000c   Data   RW          880    .data               stm32f1xx_hal.o
    0x20000018   0x00000004   Data   RW         3609    .data               system_stm32f1xx.o
    0x2000001c   0x0000000e   Data   RW         3885    .data               passthing.o
    0x2000002a   0x00000002   PAD
    0x2000002c   0x00000014   Data   RW         3975    .data               environment.o
    0x20000040   0x00000015   Zero   RW           17    .bss                main.o
    0x20000055   0x00000003   PAD
    0x20000058   0x00000074   Zero   RW          235    .bss                adc.o
    0x200000cc   0x00000054   Zero   RW          302    .bss                i2c.o
    0x20000120   0x00000048   Zero   RW          344    .bss                tim.o
    0x20000168   0x00000048   Zero   RW          387    .bss                usart.o
    0x200001b0   0x00000400   Zero   RW         3668    .bss                oled.o
    0x200005b0   0x00000015   Zero   RW         3884    .bss                passthing.o
    0x200005c5   0x00000015   Zero   RW         3974    .bss                environment.o
    0x200005da   0x00000006   PAD
    0x200005e0   0x00000400   Zero   RW            1    STACK               startup_stm32f103xb.o


==============================================================================

Image component sizes


      Code (inc. data)   RO Data    RW Data    ZI Data      Debug   Object Name

       224         30          0          4        116       1819   adc.o
        72         14          0          0          0       1250   buzzer.o
       406         22          0          0          0       3922   dht11.o
        28          6          0          0          0        714   dma.o
      2744        736          0         20         21       5532   environment.o
       220         16          0          0          0        967   gpio.o
       156         26          0          0         84       1557   i2c.o
       372         48          0          6         21     457586   main.o
       896         40       2140          0       1024       7892   oled.o
       248         56          0         14         21       2405   passthing.o
        36          8        236          0       1024        792   startup_stm32f103xb.o
       164         28          0         12          0       5733   stm32f1xx_hal.o
      1134         56          0          0          0       7618   stm32f1xx_hal_adc.o
       216          6          0          0          0       1354   stm32f1xx_hal_adc_ex.o
       198         14          0          0          0      28519   stm32f1xx_hal_cortex.o
       246          8          0          0          0       2322   stm32f1xx_hal_dma.o
       524         40          0          0          0       3646   stm32f1xx_hal_gpio.o
      1398         32          0          0          0       7921   stm32f1xx_hal_i2c.o
        60          8          0          0          0        846   stm32f1xx_hal_msp.o
      1240         84         18          0          0       4788   stm32f1xx_hal_rcc.o
       400         28         18          0          0       2265   stm32f1xx_hal_rcc_ex.o
       978         26          0          0          0       9061   stm32f1xx_hal_tim.o
       108         12          0          0          0       2301   stm32f1xx_hal_tim_ex.o
       284          6          0          0          0       1828   stm32f1xx_hal_uart.o
        38          6          0          0          0       4601   stm32f1xx_it.o
         2          0         24          4          0       1083   system_stm32f1xx.o
       156         10          0          0         72       1590   tim.o
       168         22          0          0         72       1678   usart.o

    ----------------------------------------------------------------------
     12740       1388       2468         64       2464     571590   Object Totals
         0          0         32          0          0          0   (incl. Generated)
        24          0          0          4          9          0   (incl. Padding)

    ----------------------------------------------------------------------

      Code (inc. data)   RO Data    RW Data    ZI Data      Debug   Library Member Name

         0          0          0          0          0          0   entry.o
         0          0          0          0          0          0   entry10a.o
         0          0          0          0          0          0   entry11a.o
         8          4          0          0          0          0   entry2.o
         4          0          0          0          0          0   entry5.o
         0          0          0          0          0          0   entry7b.o
         0          0          0          0          0          0   entry8b.o
         8          4          0          0          0          0   entry9a.o
        30          0          0          0          0          0   handlers.o
        36          8          0          0          0         68   init.o
         0          0          0          0          0          0   iusefp.o
        30          0          0          0          0         68   llshl.o
        36          0          0          0          0         68   llsshr.o
        32          0          0          0          0         68   llushr.o
        36          0          0          0          0        108   memseta.o
      2244         86          0          0          0        512   printfa.o
        44          0          0          0          0         80   uidiv.o
        98          0          0          0          0         92   uldiv.o
        48          0          0          0          0         68   cdrcmple.o
        20          0          0          0          0         68   cfrcmple.o
        56          0          0          0          0         88   d2f.o
       334          0          0          0          0        148   dadd.o
       222          0          0          0          0        100   ddiv.o
       186          0          0          0          0        176   depilogue.o
        48          0          0          0          0         68   dfixul.o
       228          0          0          0          0         96   dmul.o
        46          0          0          0          0         80   dscalb.o
        38          0          0          0          0         68   f2d.o
       176          0          0          0          0        140   fadd.o
       110          0          0          0          0        168   fepilogue.o
        10          0          0          0          0         68   ffltui.o

    ----------------------------------------------------------------------
      4132        102          0          0          0       2400   Library Totals
         4          0          0          0          0          0   (incl. Padding)

    ----------------------------------------------------------------------

      Code (inc. data)   RO Data    RW Data    ZI Data      Debug   Library Name

      2606        102          0          0          0       1064   mc_w.l
      1522          0          0          0          0       1336   mf_w.l

    ----------------------------------------------------------------------
      4132        102          0          0          0       2400   Library Totals

    ----------------------------------------------------------------------

==============================================================================


      Code (inc. data)   RO Data    RW Data    ZI Data      Debug   

     16872       1490       2468         64       2464     566862   Grand Totals
     16872       1490       2468         64       2464     566862   ELF Image Totals
     16872       1490       2468         64          0          0   ROM Totals

==============================================================================

    Total RO  Size (Code + RO Data)                19340 (  18.89kB)
    Total RW  Size (RW Data + ZI Data)              2528 (   2.47kB)
    Total ROM Size (Code + RO Data + RW Data)      19404 (  18.95kB)

==============================================================================

